   1               		.file	"nrk_stats.c"
   2               	__SREG__ = 0x3f
   3               	__SP_H__ = 0x3e
   4               	__SP_L__ = 0x3d
   5               	__tmp_reg__ = 0
   6               	__zero_reg__ = 1
   7               		.global __do_copy_data
   8               		.global __do_clear_bss
  11               		.text
  12               	.Ltext0:
 131               		.comm _nrk_signal_list,4,1
 132               		.comm nrk_idle_task_stk,128,1
 133               		.comm nrk_kernel_stk_ptr,2,1
 134               		.comm nrk_task_TCB,165,1
 135               		.comm nrk_wakeup_signal,1,1
 136               		.comm _nrk_readyQ,30,1
 137               		.comm _free_node,2,1
 138               		.comm _head_node,2,1
 139               		.comm nrk_cur_task_prio,1,1
 140               		.comm nrk_cur_task_TCB,2,1
 141               		.comm nrk_high_ready_prio,1,1
 142               		.comm nrk_high_ready_TCB,2,1
 143               		.comm _nrk_resource_cnt,1,1
 144               		.comm nrk_system_time,8,1
 145               		.comm nrk_sem_list,3,1
 146               		.comm error_task,1,1
 147               		.comm error_num,1,1
 166               	.Letext0:
 167               	/* File "../../src/kernel/source/nrk_stats.c": code    0 = 0x0000 (   0), prologues   0, epilogues 
DEFINED SYMBOLS
                            *ABS*:0000000000000000 nrk_stats.c
/var/folders/Qq/QqLTHlelFveneFuzSoIahU+++TI/-Tmp-//ccW8owIC.s:2      *ABS*:000000000000003f __SREG__
/var/folders/Qq/QqLTHlelFveneFuzSoIahU+++TI/-Tmp-//ccW8owIC.s:3      *ABS*:000000000000003e __SP_H__
/var/folders/Qq/QqLTHlelFveneFuzSoIahU+++TI/-Tmp-//ccW8owIC.s:4      *ABS*:000000000000003d __SP_L__
/var/folders/Qq/QqLTHlelFveneFuzSoIahU+++TI/-Tmp-//ccW8owIC.s:5      *ABS*:0000000000000000 __tmp_reg__
/var/folders/Qq/QqLTHlelFveneFuzSoIahU+++TI/-Tmp-//ccW8owIC.s:6      *ABS*:0000000000000001 __zero_reg__
                            *COM*:0000000000000004 _nrk_signal_list
                            *COM*:0000000000000080 nrk_idle_task_stk
                            *COM*:0000000000000002 nrk_kernel_stk_ptr
                            *COM*:00000000000000a5 nrk_task_TCB
                            *COM*:0000000000000001 nrk_wakeup_signal
                            *COM*:000000000000001e _nrk_readyQ
                            *COM*:0000000000000002 _free_node
                            *COM*:0000000000000002 _head_node
                            *COM*:0000000000000001 nrk_cur_task_prio
                            *COM*:0000000000000002 nrk_cur_task_TCB
                            *COM*:0000000000000001 nrk_high_ready_prio
                            *COM*:0000000000000002 nrk_high_ready_TCB
                            *COM*:0000000000000001 _nrk_resource_cnt
                            *COM*:0000000000000008 nrk_system_time
                            *COM*:0000000000000003 nrk_sem_list
                            *COM*:0000000000000001 error_task
                            *COM*:0000000000000001 error_num

UNDEFINED SYMBOLS
__do_copy_data
__do_clear_bss
