   1               		.file	"nrk_error.c"
   2               	__SREG__ = 0x3f
   3               	__SP_H__ = 0x3e
   4               	__SP_L__ = 0x3d
   5               	__tmp_reg__ = 0
   6               	__zero_reg__ = 1
   7               		.global __do_copy_data
   8               		.global __do_clear_bss
  11               		.text
  12               	.Ltext0:
 134               	.global	_nrk_errno_set
 136               	_nrk_errno_set:
 137               		.stabd	46,0,0
   1:../../src/kernel/source/nrk_error.c **** /******************************************************************************
   2:../../src/kernel/source/nrk_error.c **** *  Nano-RK, a real-time operating system for sensor networks.
   3:../../src/kernel/source/nrk_error.c **** *  Copyright (C) 2007, Real-Time and Multimedia Lab, Carnegie Mellon University
   4:../../src/kernel/source/nrk_error.c **** *  All rights reserved.
   5:../../src/kernel/source/nrk_error.c **** *
   6:../../src/kernel/source/nrk_error.c **** *  This is the Open Source Version of Nano-RK included as part of a Dual
   7:../../src/kernel/source/nrk_error.c **** *  Licensing Model. If you are unsure which license to use please refer to:
   8:../../src/kernel/source/nrk_error.c **** *  http://www.nanork.org/nano-RK/wiki/Licensing
   9:../../src/kernel/source/nrk_error.c **** *
  10:../../src/kernel/source/nrk_error.c **** *  This program is free software: you can redistribute it and/or modify
  11:../../src/kernel/source/nrk_error.c **** *  it under the terms of the GNU General Public License as published by
  12:../../src/kernel/source/nrk_error.c **** *  the Free Software Foundation, version 2.0 of the License.
  13:../../src/kernel/source/nrk_error.c **** *
  14:../../src/kernel/source/nrk_error.c **** *  This program is distributed in the hope that it will be useful,
  15:../../src/kernel/source/nrk_error.c **** *  but WITHOUT ANY WARRANTY; without even the implied warranty of
  16:../../src/kernel/source/nrk_error.c **** *  MERCHANTABILITY or FITNESS FOR A PARTICULAR PURPOSE.  See the
  17:../../src/kernel/source/nrk_error.c **** *  GNU General Public License for more details.
  18:../../src/kernel/source/nrk_error.c **** *
  19:../../src/kernel/source/nrk_error.c **** *  You should have received a copy of the GNU General Public License
  20:../../src/kernel/source/nrk_error.c **** *  along with this program.  If not, see <http://www.gnu.org/licenses/>.
  21:../../src/kernel/source/nrk_error.c **** *
  22:../../src/kernel/source/nrk_error.c **** *  Contributing Authors (specific to this file):
  23:../../src/kernel/source/nrk_error.c **** *  Anthony Rowe
  24:../../src/kernel/source/nrk_error.c **** *  Zane Starr
  25:../../src/kernel/source/nrk_error.c **** *  Anand Eswaren
  26:../../src/kernel/source/nrk_error.c **** *******************************************************************************/
  27:../../src/kernel/source/nrk_error.c ****  
  28:../../src/kernel/source/nrk_error.c **** #include <nrk_error.h>
  29:../../src/kernel/source/nrk_error.c **** #include <stdio.h>
  30:../../src/kernel/source/nrk_error.c **** #include <nrk.h>
  31:../../src/kernel/source/nrk_error.c **** #include <nrk_task.h>
  32:../../src/kernel/source/nrk_error.c **** #include <nrk_cfg.h>
  33:../../src/kernel/source/nrk_error.c **** #include <nrk_timer.h>
  34:../../src/kernel/source/nrk_error.c **** #ifdef NRK_LOG_ERRORS
  35:../../src/kernel/source/nrk_error.c **** #include <nrk_eeprom.h>
  36:../../src/kernel/source/nrk_error.c **** static uint8_t error_cnt;
  37:../../src/kernel/source/nrk_error.c **** #endif
  38:../../src/kernel/source/nrk_error.c **** 
  39:../../src/kernel/source/nrk_error.c **** void pause();
  40:../../src/kernel/source/nrk_error.c **** void blink_morse_code_error( uint8_t number );
  41:../../src/kernel/source/nrk_error.c **** 
  42:../../src/kernel/source/nrk_error.c **** 
  43:../../src/kernel/source/nrk_error.c **** void _nrk_errno_set (NRK_ERRNO error_code) 
  44:../../src/kernel/source/nrk_error.c **** {
 139               	.LM0:
 140               	.LFBB1:
 141               	/* prologue: frame size=0 */
 142               	/* prologue end (size=0) */
  45:../../src/kernel/source/nrk_error.c ****   nrk_cur_task_TCB->errno = error_code;
 144               	.LM1:
 145 0000 E091 0000 		lds r30,nrk_cur_task_TCB
 146 0004 F091 0000 		lds r31,(nrk_cur_task_TCB)+1
 147 0008 8487      		std Z+12,r24
 148               	/* epilogue: frame size=0 */
 149 000a 0895      		ret
 150               	/* epilogue end (size=1) */
 151               	/* function _nrk_errno_set size 6 (5) */
 153               	.Lscope1:
 155               		.stabd	78,0,0
 157               	.global	nrk_errno_get
 159               	nrk_errno_get:
 160               		.stabd	46,0,0
  46:../../src/kernel/source/nrk_error.c **** } 
  47:../../src/kernel/source/nrk_error.c **** 
  48:../../src/kernel/source/nrk_error.c **** uint8_t nrk_errno_get () 
  49:../../src/kernel/source/nrk_error.c **** {
 162               	.LM2:
 163               	.LFBB2:
 164               	/* prologue: frame size=0 */
 165               	/* prologue end (size=0) */
 166 000c E091 0000 		lds r30,nrk_cur_task_TCB
 167 0010 F091 0000 		lds r31,(nrk_cur_task_TCB)+1
 168 0014 8485      		ldd r24,Z+12
  50:../../src/kernel/source/nrk_error.c ****   return nrk_cur_task_TCB->errno;
  51:../../src/kernel/source/nrk_error.c **** }
 170               	.LM3:
 171 0016 9927      		clr r25
 172               	/* epilogue: frame size=0 */
 173 0018 0895      		ret
 174               	/* epilogue end (size=1) */
 175               	/* function nrk_errno_get size 7 (6) */
 177               	.Lscope2:
 179               		.stabd	78,0,0
 183               	.global	nrk_error_get
 185               	nrk_error_get:
 186               		.stabd	46,0,0
  52:../../src/kernel/source/nrk_error.c **** 
  53:../../src/kernel/source/nrk_error.c **** #ifdef NRK_LOG_ERRORS
  54:../../src/kernel/source/nrk_error.c **** void _nrk_log_error(uint8_t error_num, uint8_t error_task)
  55:../../src/kernel/source/nrk_error.c **** {
  56:../../src/kernel/source/nrk_error.c ****   
  57:../../src/kernel/source/nrk_error.c ****    // 1) Load error cnt and add 1
  58:../../src/kernel/source/nrk_error.c ****    error_cnt=nrk_eeprom_read_byte(NRK_ERROR_EEPROM_INDEX);
  59:../../src/kernel/source/nrk_error.c ****    error_cnt++;
  60:../../src/kernel/source/nrk_error.c ****    if(error_cnt==255) error_cnt=0;
  61:../../src/kernel/source/nrk_error.c ****    // 2) write error
  62:../../src/kernel/source/nrk_error.c ****    nrk_eeprom_write_byte(NRK_ERROR_EEPROM_INDEX+1+((uint16_t)error_cnt*6),error_num);
  63:../../src/kernel/source/nrk_error.c ****    nrk_eeprom_write_byte(NRK_ERROR_EEPROM_INDEX+1+((uint16_t)error_cnt*6+1),error_task);
  64:../../src/kernel/source/nrk_error.c ****    nrk_eeprom_write_byte(NRK_ERROR_EEPROM_INDEX+1+((uint16_t)error_cnt*6+2),(nrk_system_time.secs>>
  65:../../src/kernel/source/nrk_error.c ****    nrk_eeprom_write_byte(NRK_ERROR_EEPROM_INDEX+1+((uint16_t)error_cnt*6+3),(nrk_system_time.secs>>
  66:../../src/kernel/source/nrk_error.c ****    nrk_eeprom_write_byte(NRK_ERROR_EEPROM_INDEX+1+((uint16_t)error_cnt*6+4),(nrk_system_time.secs>>
  67:../../src/kernel/source/nrk_error.c ****    nrk_eeprom_write_byte(NRK_ERROR_EEPROM_INDEX+1+((uint16_t)error_cnt*6+5),(nrk_system_time.secs)&
  68:../../src/kernel/source/nrk_error.c ****    // 3) write error cnt back
  69:../../src/kernel/source/nrk_error.c ****    nrk_eeprom_write_byte(NRK_ERROR_EEPROM_INDEX,error_cnt);
  70:../../src/kernel/source/nrk_error.c **** }
  71:../../src/kernel/source/nrk_error.c **** #endif
  72:../../src/kernel/source/nrk_error.c **** 
  73:../../src/kernel/source/nrk_error.c **** void nrk_error_add (uint8_t n) 
  74:../../src/kernel/source/nrk_error.c **** {
  75:../../src/kernel/source/nrk_error.c ****   error_num = n;
  76:../../src/kernel/source/nrk_error.c ****   error_task = nrk_cur_task_TCB->task_ID;
  77:../../src/kernel/source/nrk_error.c **** 
  78:../../src/kernel/source/nrk_error.c **** #ifdef NRK_LOG_ERRORS
  79:../../src/kernel/source/nrk_error.c **** _nrk_log_error(error_num, error_task);
  80:../../src/kernel/source/nrk_error.c **** #endif
  81:../../src/kernel/source/nrk_error.c **** 
  82:../../src/kernel/source/nrk_error.c **** #ifdef NRK_REPORT_ERRORS
  83:../../src/kernel/source/nrk_error.c ****     nrk_error_print ();
  84:../../src/kernel/source/nrk_error.c **** #endif  /*  */
  85:../../src/kernel/source/nrk_error.c **** } 
  86:../../src/kernel/source/nrk_error.c **** 
  87:../../src/kernel/source/nrk_error.c **** void nrk_kernel_error_add (uint8_t n, uint8_t task) 
  88:../../src/kernel/source/nrk_error.c **** {
  89:../../src/kernel/source/nrk_error.c ****   error_num = n;
  90:../../src/kernel/source/nrk_error.c ****   error_task = task;
  91:../../src/kernel/source/nrk_error.c ****   uint8_t i;
  92:../../src/kernel/source/nrk_error.c ****   uint8_t t;
  93:../../src/kernel/source/nrk_error.c ****   
  94:../../src/kernel/source/nrk_error.c **** #ifdef NRK_LOG_ERRORS
  95:../../src/kernel/source/nrk_error.c **** _nrk_log_error(error_num, error_task);
  96:../../src/kernel/source/nrk_error.c **** #endif
  97:../../src/kernel/source/nrk_error.c **** 
  98:../../src/kernel/source/nrk_error.c **** #ifdef NRK_REPORT_ERRORS
  99:../../src/kernel/source/nrk_error.c ****     nrk_error_print ();
 100:../../src/kernel/source/nrk_error.c ****   
 101:../../src/kernel/source/nrk_error.c **** #endif  /*  */
 102:../../src/kernel/source/nrk_error.c **** 
 103:../../src/kernel/source/nrk_error.c **** #ifdef NRK_SOFT_REBOOT_ON_ERROR
 104:../../src/kernel/source/nrk_error.c **** #ifdef NRK_WATCHDOG
 105:../../src/kernel/source/nrk_error.c ****          nrk_watchdog_disable();
 106:../../src/kernel/source/nrk_error.c **** #endif
 107:../../src/kernel/source/nrk_error.c **** asm volatile("jmp 0x0000\n\t" ::);
 108:../../src/kernel/source/nrk_error.c **** #endif
 109:../../src/kernel/source/nrk_error.c **** 
 110:../../src/kernel/source/nrk_error.c **** #ifdef NRK_REBOOT_ON_ERROR
 111:../../src/kernel/source/nrk_error.c ****   // wait for watchdog to kick in
 112:../../src/kernel/source/nrk_error.c ****   if(n!=NRK_WATCHDOG_ERROR && n!=NRK_BOD_ERROR && n!=NRK_EXT_RST_ERROR)
 113:../../src/kernel/source/nrk_error.c ****   {
 114:../../src/kernel/source/nrk_error.c ****   nrk_watchdog_enable();
 115:../../src/kernel/source/nrk_error.c ****   nrk_int_disable(); 
 116:../../src/kernel/source/nrk_error.c ****   while(1);
 117:../../src/kernel/source/nrk_error.c ****   }
 118:../../src/kernel/source/nrk_error.c **** #endif
 119:../../src/kernel/source/nrk_error.c ****     
 120:../../src/kernel/source/nrk_error.c **** #ifdef NRK_HALT_ON_ERROR
 121:../../src/kernel/source/nrk_error.c ****     while (1)
 122:../../src/kernel/source/nrk_error.c ****      {
 123:../../src/kernel/source/nrk_error.c ****     for(i=0; i<20; i++ )
 124:../../src/kernel/source/nrk_error.c ****     {
 125:../../src/kernel/source/nrk_error.c ****     nrk_led_set (2);
 126:../../src/kernel/source/nrk_error.c ****     nrk_led_clr (3);
 127:../../src/kernel/source/nrk_error.c ****     for (t = 0; t < 100; t++)
 128:../../src/kernel/source/nrk_error.c ****       nrk_spin_wait_us (1000);
 129:../../src/kernel/source/nrk_error.c ****     nrk_led_set (3);
 130:../../src/kernel/source/nrk_error.c ****     nrk_led_clr (2);
 131:../../src/kernel/source/nrk_error.c ****     for (t = 0; t < 100; t++)
 132:../../src/kernel/source/nrk_error.c ****       nrk_spin_wait_us (1000);
 133:../../src/kernel/source/nrk_error.c ****     }
 134:../../src/kernel/source/nrk_error.c ****     nrk_led_clr (3);
 135:../../src/kernel/source/nrk_error.c ****     nrk_led_clr (2);
 136:../../src/kernel/source/nrk_error.c ****     blink_morse_code_error( task );
 137:../../src/kernel/source/nrk_error.c ****     blink_morse_code_error( n );
 138:../../src/kernel/source/nrk_error.c ****     }
 139:../../src/kernel/source/nrk_error.c ****   
 140:../../src/kernel/source/nrk_error.c **** #endif  /*  */
 141:../../src/kernel/source/nrk_error.c ****  
 142:../../src/kernel/source/nrk_error.c **** 
 143:../../src/kernel/source/nrk_error.c **** 
 144:../../src/kernel/source/nrk_error.c **** 
 145:../../src/kernel/source/nrk_error.c **** } 
 146:../../src/kernel/source/nrk_error.c **** 
 147:../../src/kernel/source/nrk_error.c **** 
 148:../../src/kernel/source/nrk_error.c **** uint8_t nrk_error_get (uint8_t * task_id, uint8_t * code) 
 149:../../src/kernel/source/nrk_error.c **** {
 188               	.LM4:
 189               	.LFBB3:
 190               	/* prologue: frame size=0 */
 191               	/* prologue end (size=0) */
 192 001a DC01      		movw r26,r24
 193 001c FB01      		movw r30,r22
 150:../../src/kernel/source/nrk_error.c ****   if (error_num == 0)
 195               	.LM5:
 196 001e 8091 0000 		lds r24,error_num
 197 0022 8823      		tst r24
 198 0024 01F4      		brne .L6
 200               	.LM6:
 201 0026 80E0      		ldi r24,lo8(0)
 202 0028 90E0      		ldi r25,hi8(0)
 203 002a 0895      		ret
 204               	.L6:
 151:../../src/kernel/source/nrk_error.c ****     return 0;
 152:../../src/kernel/source/nrk_error.c ****   *code = error_num;
 206               	.LM7:
 207 002c 8083      		st Z,r24
 153:../../src/kernel/source/nrk_error.c ****   *task_id = error_task;
 209               	.LM8:
 210 002e 8091 0000 		lds r24,error_task
 211 0032 8C93      		st X,r24
 212 0034 81E0      		ldi r24,lo8(1)
 213 0036 90E0      		ldi r25,hi8(1)
 154:../../src/kernel/source/nrk_error.c ****   return 1;
 155:../../src/kernel/source/nrk_error.c **** }
 215               	.LM9:
 216 0038 0895      		ret
 217               	/* epilogue: frame size=0 */
 218               	/* epilogue: noreturn */
 219               	/* epilogue end (size=0) */
 220               	/* function nrk_error_get size 16 (16) */
 222               	.Lscope3:
 224               		.stabd	78,0,0
 226               	.global	pause
 228               	pause:
 229               		.stabd	46,0,0
 156:../../src/kernel/source/nrk_error.c **** 
 157:../../src/kernel/source/nrk_error.c **** int8_t nrk_error_print () 
 158:../../src/kernel/source/nrk_error.c **** {
 159:../../src/kernel/source/nrk_error.c ****   int8_t t,i;
 160:../../src/kernel/source/nrk_error.c ****   if (error_num == 0)
 161:../../src/kernel/source/nrk_error.c ****     return 0;
 162:../../src/kernel/source/nrk_error.c **** 
 163:../../src/kernel/source/nrk_error.c ****    #ifdef NRK_HALT_ON_ERROR
 164:../../src/kernel/source/nrk_error.c ****      nrk_int_disable ();
 165:../../src/kernel/source/nrk_error.c ****        #ifdef NRK_WATCHDOG
 166:../../src/kernel/source/nrk_error.c ****          nrk_watchdog_disable();
 167:../../src/kernel/source/nrk_error.c ****        #endif
 168:../../src/kernel/source/nrk_error.c ****    #endif 
 169:../../src/kernel/source/nrk_error.c **** 
 170:../../src/kernel/source/nrk_error.c ****    #ifndef NRK_REBOOT_ON_ERROR
 171:../../src/kernel/source/nrk_error.c ****       nrk_int_disable ();
 172:../../src/kernel/source/nrk_error.c ****    #endif 
 173:../../src/kernel/source/nrk_error.c **** 
 174:../../src/kernel/source/nrk_error.c **** 
 175:../../src/kernel/source/nrk_error.c **** #ifdef NRK_HALT_AND_LOOP_ON_ERROR 
 176:../../src/kernel/source/nrk_error.c ****     nrk_int_disable ();
 177:../../src/kernel/source/nrk_error.c ****    #ifdef NRK_WATCHDOG
 178:../../src/kernel/source/nrk_error.c ****       nrk_watchdog_disable();
 179:../../src/kernel/source/nrk_error.c ****    #endif
 180:../../src/kernel/source/nrk_error.c **** 
 181:../../src/kernel/source/nrk_error.c **** 
 182:../../src/kernel/source/nrk_error.c ****   while (1)
 183:../../src/kernel/source/nrk_error.c ****      {
 184:../../src/kernel/source/nrk_error.c ****     
 185:../../src/kernel/source/nrk_error.c **** #endif  
 186:../../src/kernel/source/nrk_error.c ****     
 187:../../src/kernel/source/nrk_error.c ****     nrk_kprintf (PSTR ("*NRK ERROR("));
 188:../../src/kernel/source/nrk_error.c ****     printf ("%d", error_task);
 189:../../src/kernel/source/nrk_error.c ****     nrk_kprintf (PSTR ("): "));
 190:../../src/kernel/source/nrk_error.c ****     if (error_num > NRK_NUM_ERRORS)
 191:../../src/kernel/source/nrk_error.c ****       error_num = NRK_UNKOWN;
 192:../../src/kernel/source/nrk_error.c ****     switch (error_num)
 193:../../src/kernel/source/nrk_error.c ****        {
 194:../../src/kernel/source/nrk_error.c ****     case NRK_STACK_TOO_SMALL:
 195:../../src/kernel/source/nrk_error.c ****       nrk_kprintf (PSTR ("Stack was not defined as large enough!"));
 196:../../src/kernel/source/nrk_error.c ****       break;
 197:../../src/kernel/source/nrk_error.c ****     case NRK_STACK_OVERFLOW:
 198:../../src/kernel/source/nrk_error.c ****       nrk_kprintf (PSTR ("Task Stack Overflow"));
 199:../../src/kernel/source/nrk_error.c ****       break;
 200:../../src/kernel/source/nrk_error.c ****     case NRK_INVALID_STACK_POINTER:
 201:../../src/kernel/source/nrk_error.c ****       nrk_kprintf (PSTR ("Invalid Stack Pointer"));
 202:../../src/kernel/source/nrk_error.c ****       break;
 203:../../src/kernel/source/nrk_error.c ****     case NRK_RESERVE_ERROR:
 204:../../src/kernel/source/nrk_error.c ****       nrk_kprintf (PSTR ("Reserve Error in Scheduler"));
 205:../../src/kernel/source/nrk_error.c ****       break;
 206:../../src/kernel/source/nrk_error.c ****     case NRK_RESERVE_VIOLATED:
 207:../../src/kernel/source/nrk_error.c ****       nrk_kprintf (PSTR ("Task Reserve Violated"));
 208:../../src/kernel/source/nrk_error.c ****       break;
 209:../../src/kernel/source/nrk_error.c ****     case NRK_WAKEUP_MISSED:
 210:../../src/kernel/source/nrk_error.c ****       nrk_kprintf (PSTR ("Scheduler Missed Wakeup"));
 211:../../src/kernel/source/nrk_error.c ****       break;
 212:../../src/kernel/source/nrk_error.c ****     case NRK_DUP_TASK_ID:
 213:../../src/kernel/source/nrk_error.c ****       nrk_kprintf (PSTR ("Duplicated Task ID"));
 214:../../src/kernel/source/nrk_error.c ****       break;
 215:../../src/kernel/source/nrk_error.c ****     case NRK_BAD_STARTUP:
 216:../../src/kernel/source/nrk_error.c ****       nrk_kprintf (PSTR ("Unexpected Restart"));
 217:../../src/kernel/source/nrk_error.c ****       break;
 218:../../src/kernel/source/nrk_error.c ****     case NRK_STACK_SMASH:
 219:../../src/kernel/source/nrk_error.c ****       nrk_kprintf (PSTR ("Idle or Kernel Stack Overflow"));
 220:../../src/kernel/source/nrk_error.c ****       break;
 221:../../src/kernel/source/nrk_error.c ****     case NRK_EXTRA_TASK:
 222:../../src/kernel/source/nrk_error.c ****       nrk_kprintf (PSTR ("Extra Task started, is nrk_cfg.h ok?"));
 223:../../src/kernel/source/nrk_error.c ****       break;
 224:../../src/kernel/source/nrk_error.c ****     case NRK_LOW_VOLTAGE:
 225:../../src/kernel/source/nrk_error.c ****       nrk_kprintf (PSTR ("Low Voltage"));
 226:../../src/kernel/source/nrk_error.c ****       break;
 227:../../src/kernel/source/nrk_error.c ****     case NRK_SEG_FAULT:
 228:../../src/kernel/source/nrk_error.c ****       nrk_kprintf (PSTR ("Unhandled Interrupt Vector"));
 229:../../src/kernel/source/nrk_error.c ****       break;
 230:../../src/kernel/source/nrk_error.c ****     case NRK_TIMER_OVERFLOW:
 231:../../src/kernel/source/nrk_error.c ****       nrk_kprintf (PSTR ("Timer Overflow"));
 232:../../src/kernel/source/nrk_error.c ****       break;
 233:../../src/kernel/source/nrk_error.c ****     case NRK_SW_WATCHDOG_ERROR:
 234:../../src/kernel/source/nrk_error.c ****       nrk_kprintf (PSTR ("SW Watchdog Restart"));
 235:../../src/kernel/source/nrk_error.c ****       break;
 236:../../src/kernel/source/nrk_error.c ****     case NRK_WATCHDOG_ERROR:
 237:../../src/kernel/source/nrk_error.c ****       nrk_kprintf (PSTR ("Watchdog Restart"));
 238:../../src/kernel/source/nrk_error.c ****       break;
 239:../../src/kernel/source/nrk_error.c ****     case NRK_DEVICE_DRIVER:
 240:../../src/kernel/source/nrk_error.c ****       nrk_kprintf (PSTR ("Device Driver Error"));
 241:../../src/kernel/source/nrk_error.c ****       break;
 242:../../src/kernel/source/nrk_error.c ****     case NRK_UNIMPLEMENTED:
 243:../../src/kernel/source/nrk_error.c ****       nrk_kprintf (PSTR ("Kernel function not implemented"));
 244:../../src/kernel/source/nrk_error.c ****       break;
 245:../../src/kernel/source/nrk_error.c ****     case NRK_SIGNAL_CREATE_ERROR:
 246:../../src/kernel/source/nrk_error.c ****       nrk_kprintf (PSTR ("Failed to create Signal"));
 247:../../src/kernel/source/nrk_error.c ****       break;
 248:../../src/kernel/source/nrk_error.c ****     case NRK_SEMAPHORE_CREATE_ERROR:
 249:../../src/kernel/source/nrk_error.c ****       nrk_kprintf (PSTR ("Failed to create Semaphore"));
 250:../../src/kernel/source/nrk_error.c ****       break;
 251:../../src/kernel/source/nrk_error.c ****     case NRK_BOD_ERROR:
 252:../../src/kernel/source/nrk_error.c ****       nrk_kprintf (PSTR ("Brown Out Detect"));
 253:../../src/kernel/source/nrk_error.c ****       break;
 254:../../src/kernel/source/nrk_error.c ****     case NRK_EXT_RST_ERROR:
 255:../../src/kernel/source/nrk_error.c ****       nrk_kprintf (PSTR ("External Reset"));
 256:../../src/kernel/source/nrk_error.c ****       break;
 257:../../src/kernel/source/nrk_error.c ****     default:
 258:../../src/kernel/source/nrk_error.c ****       nrk_kprintf (PSTR ("UNKOWN"));
 259:../../src/kernel/source/nrk_error.c ****       }
 260:../../src/kernel/source/nrk_error.c ****     putchar ('\r');
 261:../../src/kernel/source/nrk_error.c ****     putchar ('\n');
 262:../../src/kernel/source/nrk_error.c **** 
 263:../../src/kernel/source/nrk_error.c **** #ifdef NRK_SOFT_REBOOT_ON_ERROR
 264:../../src/kernel/source/nrk_error.c **** #ifdef NRK_WATCHDOG
 265:../../src/kernel/source/nrk_error.c ****          nrk_watchdog_disable();
 266:../../src/kernel/source/nrk_error.c **** #endif
 267:../../src/kernel/source/nrk_error.c **** 
 268:../../src/kernel/source/nrk_error.c **** GTCCR=0;
 269:../../src/kernel/source/nrk_error.c **** ASSR=0;
 270:../../src/kernel/source/nrk_error.c **** 
 271:../../src/kernel/source/nrk_error.c **** OCR0B=0;
 272:../../src/kernel/source/nrk_error.c **** OCR0A=0;
 273:../../src/kernel/source/nrk_error.c **** TCNT0=0;
 274:../../src/kernel/source/nrk_error.c **** TCCR0B=0;
 275:../../src/kernel/source/nrk_error.c **** TCCR0A=0;
 276:../../src/kernel/source/nrk_error.c **** 
 277:../../src/kernel/source/nrk_error.c **** EIMSK=0;
 278:../../src/kernel/source/nrk_error.c **** EIFR=0;
 279:../../src/kernel/source/nrk_error.c **** PCIFR=0;
 280:../../src/kernel/source/nrk_error.c **** 
 281:../../src/kernel/source/nrk_error.c **** 
 282:../../src/kernel/source/nrk_error.c **** OCR3B =0;
 283:../../src/kernel/source/nrk_error.c **** OCR3A =0;
 284:../../src/kernel/source/nrk_error.c **** TCNT3 =0;
 285:../../src/kernel/source/nrk_error.c **** TCCR3B=0;
 286:../../src/kernel/source/nrk_error.c **** TCCR3A=0;
 287:../../src/kernel/source/nrk_error.c **** TIFR3=0;
 288:../../src/kernel/source/nrk_error.c **** TIMSK3=0;
 289:../../src/kernel/source/nrk_error.c **** 
 290:../../src/kernel/source/nrk_error.c **** 
 291:../../src/kernel/source/nrk_error.c **** OCR2B =0;
 292:../../src/kernel/source/nrk_error.c **** OCR2A =0;
 293:../../src/kernel/source/nrk_error.c **** TCNT2 =0;
 294:../../src/kernel/source/nrk_error.c **** TCCR2B=0;
 295:../../src/kernel/source/nrk_error.c **** TCCR2A=0;
 296:../../src/kernel/source/nrk_error.c **** TCCR2A=0;
 297:../../src/kernel/source/nrk_error.c **** TIFR2=0;
 298:../../src/kernel/source/nrk_error.c **** TIMSK2=0;
 299:../../src/kernel/source/nrk_error.c **** 
 300:../../src/kernel/source/nrk_error.c **** //nrk_int_disable(); 
 301:../../src/kernel/source/nrk_error.c **** asm volatile(	"ldi r28,0xFF\n\t" 
 302:../../src/kernel/source/nrk_error.c **** 		"out __SP_L__, r28\n\t" 
 303:../../src/kernel/source/nrk_error.c **** 		"ldi r29,0x21\n\t" 
 304:../../src/kernel/source/nrk_error.c **** 		"out __SP_H__, r29\n\t" 
 305:../../src/kernel/source/nrk_error.c **** 		"clr r0\n\t" 
 306:../../src/kernel/source/nrk_error.c **** 		"clr r1\n\t" 
 307:../../src/kernel/source/nrk_error.c **** 		"clr r2\n\t" 
 308:../../src/kernel/source/nrk_error.c **** 		"clr r3\n\t" 
 309:../../src/kernel/source/nrk_error.c **** 		"clr r4\n\t" 
 310:../../src/kernel/source/nrk_error.c **** 		"clr r5\n\t" 
 311:../../src/kernel/source/nrk_error.c **** 		"clr r6\n\t" 
 312:../../src/kernel/source/nrk_error.c **** 		"clr r7\n\t" 
 313:../../src/kernel/source/nrk_error.c **** 		"clr r8\n\t" 
 314:../../src/kernel/source/nrk_error.c **** 		"clr r9\n\t" 
 315:../../src/kernel/source/nrk_error.c **** 		"clr r10\n\t" 
 316:../../src/kernel/source/nrk_error.c **** 		"clr r11\n\t" 
 317:../../src/kernel/source/nrk_error.c **** 		"clr r12\n\t" 
 318:../../src/kernel/source/nrk_error.c **** 		"clr r13\n\t" 
 319:../../src/kernel/source/nrk_error.c **** 		"clr r14\n\t" 
 320:../../src/kernel/source/nrk_error.c **** 		"clr r15\n\t" 
 321:../../src/kernel/source/nrk_error.c **** 		"clr r16\n\t" 
 322:../../src/kernel/source/nrk_error.c **** 		"clr r17\n\t" 
 323:../../src/kernel/source/nrk_error.c **** 		"clr r18\n\t" 
 324:../../src/kernel/source/nrk_error.c **** 		"clr r19\n\t" 
 325:../../src/kernel/source/nrk_error.c **** 		"clr r20\n\t" 
 326:../../src/kernel/source/nrk_error.c **** 		"clr r21\n\t" 
 327:../../src/kernel/source/nrk_error.c **** 		"clr r22\n\t" 
 328:../../src/kernel/source/nrk_error.c **** 		"clr r23\n\t" 
 329:../../src/kernel/source/nrk_error.c **** 		"clr r24\n\t" 
 330:../../src/kernel/source/nrk_error.c **** 		"clr r25\n\t" 
 331:../../src/kernel/source/nrk_error.c **** 		"clr r26\n\t" 
 332:../../src/kernel/source/nrk_error.c **** 		"clr r27\n\t" 
 333:../../src/kernel/source/nrk_error.c **** 		"clr r28\n\t" 
 334:../../src/kernel/source/nrk_error.c **** 		"clr r29\n\t" 
 335:../../src/kernel/source/nrk_error.c **** 		"clr r30\n\t" 
 336:../../src/kernel/source/nrk_error.c **** 		"clr r31\n\t" 
 337:../../src/kernel/source/nrk_error.c **** 		"cli\n\t" 
 338:../../src/kernel/source/nrk_error.c **** 		"out __SREG__, r0\n\t" 
 339:../../src/kernel/source/nrk_error.c **** 		"jmp __ctors_end\n\t" 
 340:../../src/kernel/source/nrk_error.c **** 		::);
 341:../../src/kernel/source/nrk_error.c **** #endif
 342:../../src/kernel/source/nrk_error.c **** 
 343:../../src/kernel/source/nrk_error.c **** #ifdef NRK_REBOOT_ON_ERROR
 344:../../src/kernel/source/nrk_error.c ****   // wait for watchdog to kick in
 345:../../src/kernel/source/nrk_error.c ****   if(error_num!=NRK_WATCHDOG_ERROR && error_num!=NRK_BOD_ERROR && error_num!=NRK_EXT_RST_ERROR)
 346:../../src/kernel/source/nrk_error.c ****   {
 347:../../src/kernel/source/nrk_error.c ****   nrk_watchdog_enable();
 348:../../src/kernel/source/nrk_error.c ****   nrk_int_disable(); 
 349:../../src/kernel/source/nrk_error.c ****   while(1);
 350:../../src/kernel/source/nrk_error.c ****   }
 351:../../src/kernel/source/nrk_error.c **** #endif
 352:../../src/kernel/source/nrk_error.c **** 
 353:../../src/kernel/source/nrk_error.c **** 
 354:../../src/kernel/source/nrk_error.c **** 
 355:../../src/kernel/source/nrk_error.c **** //t=error_num;
 356:../../src/kernel/source/nrk_error.c **** #ifdef NRK_HALT_AND_LOOP_ON_ERROR
 357:../../src/kernel/source/nrk_error.c ****     for(i=0; i<20; i++ )
 358:../../src/kernel/source/nrk_error.c ****     {
 359:../../src/kernel/source/nrk_error.c ****     nrk_led_set (2);
 360:../../src/kernel/source/nrk_error.c ****     nrk_led_clr (3);
 361:../../src/kernel/source/nrk_error.c ****     for (t = 0; t < 100; t++)
 362:../../src/kernel/source/nrk_error.c ****       nrk_spin_wait_us (1000);
 363:../../src/kernel/source/nrk_error.c ****     nrk_led_set (3);
 364:../../src/kernel/source/nrk_error.c ****     nrk_led_clr (2);
 365:../../src/kernel/source/nrk_error.c ****     for (t = 0; t < 100; t++)
 366:../../src/kernel/source/nrk_error.c ****       nrk_spin_wait_us (1000);
 367:../../src/kernel/source/nrk_error.c ****     }
 368:../../src/kernel/source/nrk_error.c **** 
 369:../../src/kernel/source/nrk_error.c ****    nrk_led_clr(2);
 370:../../src/kernel/source/nrk_error.c ****    nrk_led_clr(3);
 371:../../src/kernel/source/nrk_error.c ****    blink_morse_code_error( error_task );
 372:../../src/kernel/source/nrk_error.c ****    blink_morse_code_error( error_num);
 373:../../src/kernel/source/nrk_error.c **** }
 374:../../src/kernel/source/nrk_error.c ****   
 375:../../src/kernel/source/nrk_error.c **** #endif  /*  */
 376:../../src/kernel/source/nrk_error.c ****     
 377:../../src/kernel/source/nrk_error.c **** #ifdef NRK_HALT_ON_ERROR
 378:../../src/kernel/source/nrk_error.c ****     while (1)
 379:../../src/kernel/source/nrk_error.c ****      {
 380:../../src/kernel/source/nrk_error.c ****     for(i=0; i<20; i++ )
 381:../../src/kernel/source/nrk_error.c ****     {
 382:../../src/kernel/source/nrk_error.c ****     nrk_led_set (2);
 383:../../src/kernel/source/nrk_error.c ****     nrk_led_clr (3);
 384:../../src/kernel/source/nrk_error.c ****     for (t = 0; t < 100; t++)
 385:../../src/kernel/source/nrk_error.c ****       nrk_spin_wait_us (1000);
 386:../../src/kernel/source/nrk_error.c ****     nrk_led_set (3);
 387:../../src/kernel/source/nrk_error.c ****     nrk_led_clr (2);
 388:../../src/kernel/source/nrk_error.c ****     for (t = 0; t < 100; t++)
 389:../../src/kernel/source/nrk_error.c ****       nrk_spin_wait_us (1000);
 390:../../src/kernel/source/nrk_error.c ****     }
 391:../../src/kernel/source/nrk_error.c ****     nrk_led_clr (3);
 392:../../src/kernel/source/nrk_error.c ****     nrk_led_clr (2);
 393:../../src/kernel/source/nrk_error.c ****     blink_morse_code_error( error_task );
 394:../../src/kernel/source/nrk_error.c ****     blink_morse_code_error( error_num);
 395:../../src/kernel/source/nrk_error.c ****     }
 396:../../src/kernel/source/nrk_error.c ****   
 397:../../src/kernel/source/nrk_error.c **** #endif  /*  */
 398:../../src/kernel/source/nrk_error.c ****     error_num = 0;
 399:../../src/kernel/source/nrk_error.c ****   return t;
 400:../../src/kernel/source/nrk_error.c **** }
 401:../../src/kernel/source/nrk_error.c **** 
 402:../../src/kernel/source/nrk_error.c **** void blink_dash()
 403:../../src/kernel/source/nrk_error.c **** {
 404:../../src/kernel/source/nrk_error.c **** uint8_t i;
 405:../../src/kernel/source/nrk_error.c ****    nrk_led_set (1); 
 406:../../src/kernel/source/nrk_error.c ****    pause(); 
 407:../../src/kernel/source/nrk_error.c ****    pause(); 
 408:../../src/kernel/source/nrk_error.c ****    pause(); 
 409:../../src/kernel/source/nrk_error.c ****    nrk_led_clr(1);
 410:../../src/kernel/source/nrk_error.c ****    pause(); 
 411:../../src/kernel/source/nrk_error.c **** }
 412:../../src/kernel/source/nrk_error.c **** 
 413:../../src/kernel/source/nrk_error.c **** void blink_dot()
 414:../../src/kernel/source/nrk_error.c **** {
 415:../../src/kernel/source/nrk_error.c ****    nrk_led_set(1); 
 416:../../src/kernel/source/nrk_error.c ****    pause(); 
 417:../../src/kernel/source/nrk_error.c ****    nrk_led_clr(1);
 418:../../src/kernel/source/nrk_error.c ****    pause(); 
 419:../../src/kernel/source/nrk_error.c **** }
 420:../../src/kernel/source/nrk_error.c **** 
 421:../../src/kernel/source/nrk_error.c **** 
 422:../../src/kernel/source/nrk_error.c **** void blink_morse_code_error( uint8_t number )
 423:../../src/kernel/source/nrk_error.c **** {
 424:../../src/kernel/source/nrk_error.c **** uint8_t i;
 425:../../src/kernel/source/nrk_error.c **** char str[3];
 426:../../src/kernel/source/nrk_error.c **** 
 427:../../src/kernel/source/nrk_error.c **** sprintf( str,"%d",number );
 428:../../src/kernel/source/nrk_error.c **** 
 429:../../src/kernel/source/nrk_error.c **** for(i=0; i<strlen(str); i++ )
 430:../../src/kernel/source/nrk_error.c **** {
 431:../../src/kernel/source/nrk_error.c **** switch( str[i])
 432:../../src/kernel/source/nrk_error.c **** {
 433:../../src/kernel/source/nrk_error.c **** case '0': blink_dash(); blink_dash(); blink_dash(); blink_dash(); blink_dash(); break;
 434:../../src/kernel/source/nrk_error.c **** case '1': blink_dot(); blink_dash(); blink_dash(); blink_dash(); blink_dash(); break;
 435:../../src/kernel/source/nrk_error.c **** case '2': blink_dot(); blink_dot(); blink_dash(); blink_dash(); blink_dash(); break;
 436:../../src/kernel/source/nrk_error.c **** case '3': blink_dot(); blink_dot(); blink_dot(); blink_dash(); blink_dash(); break;
 437:../../src/kernel/source/nrk_error.c **** case '4': blink_dot(); blink_dot(); blink_dot(); blink_dot(); blink_dash(); break;
 438:../../src/kernel/source/nrk_error.c **** case '5': blink_dot(); blink_dot(); blink_dot(); blink_dot(); blink_dot(); break;
 439:../../src/kernel/source/nrk_error.c **** case '6': blink_dash(); blink_dot(); blink_dot(); blink_dot(); blink_dot(); break;
 440:../../src/kernel/source/nrk_error.c **** case '7': blink_dash(); blink_dash(); blink_dot(); blink_dot(); blink_dot(); break;
 441:../../src/kernel/source/nrk_error.c **** case '8': blink_dash(); blink_dash(); blink_dash(); blink_dot(); blink_dot(); break;
 442:../../src/kernel/source/nrk_error.c **** case '9': blink_dash(); blink_dash(); blink_dash(); blink_dash(); blink_dot(); break;
 443:../../src/kernel/source/nrk_error.c **** }
 444:../../src/kernel/source/nrk_error.c **** pause();
 445:../../src/kernel/source/nrk_error.c **** pause();
 446:../../src/kernel/source/nrk_error.c **** pause();
 447:../../src/kernel/source/nrk_error.c **** }
 448:../../src/kernel/source/nrk_error.c **** 
 449:../../src/kernel/source/nrk_error.c **** }
 450:../../src/kernel/source/nrk_error.c **** 
 451:../../src/kernel/source/nrk_error.c **** void pause()
 452:../../src/kernel/source/nrk_error.c **** {
 231               	.LM10:
 232               	.LFBB4:
 233               	/* prologue: frame size=1 */
 234 003a CF93      		push r28
 235 003c DF93      		push r29
 236 003e CDB7      		in r28,__SP_L__
 237 0040 DEB7      		in r29,__SP_H__
 238 0042 2197      		sbiw r28,1
 239 0044 0FB6      		in __tmp_reg__,__SREG__
 240 0046 F894      		cli
 241 0048 DEBF      		out __SP_H__,r29
 242 004a 0FBE      		out __SREG__,__tmp_reg__
 243 004c CDBF      		out __SP_L__,r28
 244               	/* prologue end (size=10) */
 453:../../src/kernel/source/nrk_error.c **** volatile uint8_t t;
 454:../../src/kernel/source/nrk_error.c ****     for (t = 0; t < 100; t++)
 246               	.LM11:
 247 004e 1982      		std Y+1,__zero_reg__
 248 0050 00C0      		rjmp .L11
 249               	.L12:
 455:../../src/kernel/source/nrk_error.c ****       nrk_spin_wait_us (2000);
 251               	.LM12:
 252 0052 80ED      		ldi r24,lo8(2000)
 253 0054 97E0      		ldi r25,hi8(2000)
 254 0056 0E94 0000 		call nrk_spin_wait_us
 256               	.LM13:
 257 005a 8981      		ldd r24,Y+1
 258 005c 8F5F      		subi r24,lo8(-(1))
 259 005e 8983      		std Y+1,r24
 260               	.L11:
 261 0060 8981      		ldd r24,Y+1
 262 0062 8436      		cpi r24,lo8(100)
 263 0064 00F0      		brlo .L12
 264               	/* epilogue: frame size=1 */
 265 0066 2196      		adiw r28,1
 266 0068 0FB6      		in __tmp_reg__,__SREG__
 267 006a F894      		cli
 268 006c DEBF      		out __SP_H__,r29
 269 006e 0FBE      		out __SREG__,__tmp_reg__
 270 0070 CDBF      		out __SP_L__,r28
 271 0072 DF91      		pop r29
 272 0074 CF91      		pop r28
 273 0076 0895      		ret
 274               	/* epilogue end (size=9) */
 275               	/* function pause size 31 (12) */
 280               	.Lscope4:
 282               		.stabd	78,0,0
 284               	.global	blink_dot
 286               	blink_dot:
 287               		.stabd	46,0,0
 289               	.LM14:
 290               	.LFBB5:
 291               	/* prologue: frame size=0 */
 292               	/* prologue end (size=0) */
 294               	.LM15:
 295 0078 81E0      		ldi r24,lo8(1)
 296 007a 90E0      		ldi r25,hi8(1)
 297 007c 0E94 0000 		call nrk_led_set
 299               	.LM16:
 300 0080 0E94 0000 		call pause
 302               	.LM17:
 303 0084 81E0      		ldi r24,lo8(1)
 304 0086 90E0      		ldi r25,hi8(1)
 305 0088 0E94 0000 		call nrk_led_clr
 307               	.LM18:
 308 008c 0E94 0000 		call pause
 309               	/* epilogue: frame size=0 */
 310 0090 0895      		ret
 311               	/* epilogue end (size=1) */
 312               	/* function blink_dot size 13 (12) */
 314               	.Lscope5:
 316               		.stabd	78,0,0
 318               	.global	blink_dash
 320               	blink_dash:
 321               		.stabd	46,0,0
 323               	.LM19:
 324               	.LFBB6:
 325               	/* prologue: frame size=0 */
 326               	/* prologue end (size=0) */
 328               	.LM20:
 329 0092 81E0      		ldi r24,lo8(1)
 330 0094 90E0      		ldi r25,hi8(1)
 331 0096 0E94 0000 		call nrk_led_set
 333               	.LM21:
 334 009a 0E94 0000 		call pause
 336               	.LM22:
 337 009e 0E94 0000 		call pause
 339               	.LM23:
 340 00a2 0E94 0000 		call pause
 342               	.LM24:
 343 00a6 81E0      		ldi r24,lo8(1)
 344 00a8 90E0      		ldi r25,hi8(1)
 345 00aa 0E94 0000 		call nrk_led_clr
 347               	.LM25:
 348 00ae 0E94 0000 		call pause
 349               	/* epilogue: frame size=0 */
 350 00b2 0895      		ret
 351               	/* epilogue end (size=1) */
 352               	/* function blink_dash size 17 (16) */
 354               	.Lscope6:
 356               		.stabd	78,0,0
 357               		.data
 358               	.LC0:
 359 0000 2564 00   		.string	"%d"
 360               		.text
 363               	.global	blink_morse_code_error
 365               	blink_morse_code_error:
 366               		.stabd	46,0,0
 368               	.LM26:
 369               	.LFBB7:
 370               	/* prologue: frame size=3 */
 371 00b4 EF92      		push r14
 372 00b6 FF92      		push r15
 373 00b8 0F93      		push r16
 374 00ba 1F93      		push r17
 375 00bc CF93      		push r28
 376 00be DF93      		push r29
 377 00c0 CDB7      		in r28,__SP_L__
 378 00c2 DEB7      		in r29,__SP_H__
 379 00c4 2397      		sbiw r28,3
 380 00c6 0FB6      		in __tmp_reg__,__SREG__
 381 00c8 F894      		cli
 382 00ca DEBF      		out __SP_H__,r29
 383 00cc 0FBE      		out __SREG__,__tmp_reg__
 384 00ce CDBF      		out __SP_L__,r28
 385               	/* prologue end (size=14) */
 387               	.LM27:
 388 00d0 9927      		clr r25
 389 00d2 9F93      		push r25
 390 00d4 8F93      		push r24
 391 00d6 80E0      		ldi r24,lo8(.LC0)
 392 00d8 90E0      		ldi r25,hi8(.LC0)
 393 00da 9F93      		push r25
 394 00dc 8F93      		push r24
 395 00de 8E01      		movw r16,r28
 396 00e0 0F5F      		subi r16,lo8(-(1))
 397 00e2 1F4F      		sbci r17,hi8(-(1))
 398 00e4 1F93      		push r17
 399 00e6 0F93      		push r16
 400 00e8 0E94 0000 		call sprintf
 401 00ec EE24      		clr r14
 402 00ee FF24      		clr r15
 404               	.LM28:
 405 00f0 8DB7      		in r24,__SP_L__
 406 00f2 9EB7      		in r25,__SP_H__
 407 00f4 0696      		adiw r24,6
 408 00f6 0FB6      		in __tmp_reg__,__SREG__
 409 00f8 F894      		cli
 410 00fa 9EBF      		out __SP_H__,r25
 411 00fc 0FBE      		out __SREG__,__tmp_reg__
 412 00fe 8DBF      		out __SP_L__,r24
 413 0100 00C0      		rjmp .L20
 414               	.L21:
 416               	.LM29:
 417 0102 A00F      		add r26,r16
 418 0104 B11F      		adc r27,r17
 419 0106 8C91      		ld r24,X
 420 0108 8433      		cpi r24,lo8(52)
 421 010a 01F0      		breq .L27
 422 010c 8533      		cpi r24,lo8(53)
 423 010e 00F4      		brsh .L33
 424 0110 8133      		cpi r24,lo8(49)
 425 0112 01F0      		breq .L24
 426 0114 8233      		cpi r24,lo8(50)
 427 0116 00F4      		brsh .L34
 428 0118 8033      		cpi r24,lo8(48)
 429 011a 01F0      		breq .+2
 430 011c 00C0      		rjmp .L22
 431 011e 00C0      		rjmp .L23
 432               	.L34:
 433 0120 8233      		cpi r24,lo8(50)
 434 0122 01F0      		breq .L25
 435 0124 8333      		cpi r24,lo8(51)
 436 0126 01F0      		breq .+2
 437 0128 00C0      		rjmp .L22
 438 012a 00C0      		rjmp .L26
 439               	.L33:
 440 012c 8733      		cpi r24,lo8(55)
 441 012e 01F0      		breq .L30
 442 0130 8833      		cpi r24,lo8(56)
 443 0132 00F4      		brsh .L35
 444 0134 8533      		cpi r24,lo8(53)
 445 0136 01F0      		breq .L28
 446 0138 8633      		cpi r24,lo8(54)
 447 013a 01F0      		breq .+2
 448 013c 00C0      		rjmp .L22
 449 013e 00C0      		rjmp .L29
 450               	.L35:
 451 0140 8833      		cpi r24,lo8(56)
 452 0142 01F0      		breq .L31
 453 0144 8933      		cpi r24,lo8(57)
 454 0146 01F0      		breq .+2
 455 0148 00C0      		rjmp .L22
 456 014a 00C0      		rjmp .L32
 457               	.L23:
 459               	.LM30:
 460 014c 0E94 0000 		call blink_dash
 461 0150 00C0      		rjmp .L38
 462               	.L24:
 464               	.LM31:
 465 0152 0E94 0000 		call blink_dot
 466               	.L38:
 467 0156 0E94 0000 		call blink_dash
 468               	.L40:
 469 015a 0E94 0000 		call blink_dash
 470               	.L41:
 471 015e 0E94 0000 		call blink_dash
 472               	.L42:
 473 0162 0E94 0000 		call blink_dash
 474 0166 00C0      		rjmp .L22
 475               	.L25:
 477               	.LM32:
 478 0168 0E94 0000 		call blink_dot
 479 016c 0E94 0000 		call blink_dot
 480 0170 00C0      		rjmp .L40
 481               	.L26:
 483               	.LM33:
 484 0172 0E94 0000 		call blink_dot
 485 0176 0E94 0000 		call blink_dot
 486 017a 0E94 0000 		call blink_dot
 487 017e 00C0      		rjmp .L41
 488               	.L27:
 490               	.LM34:
 491 0180 0E94 0000 		call blink_dot
 492 0184 0E94 0000 		call blink_dot
 493 0188 0E94 0000 		call blink_dot
 494 018c 0E94 0000 		call blink_dot
 495 0190 00C0      		rjmp .L42
 496               	.L28:
 498               	.LM35:
 499 0192 0E94 0000 		call blink_dot
 500 0196 00C0      		rjmp .L45
 501               	.L29:
 503               	.LM36:
 504 0198 0E94 0000 		call blink_dash
 505               	.L45:
 506 019c 0E94 0000 		call blink_dot
 507 01a0 00C0      		rjmp .L44
 508               	.L30:
 510               	.LM37:
 511 01a2 0E94 0000 		call blink_dash
 512 01a6 0E94 0000 		call blink_dash
 513               	.L44:
 514 01aa 0E94 0000 		call blink_dot
 515 01ae 00C0      		rjmp .L43
 516               	.L31:
 518               	.LM38:
 519 01b0 0E94 0000 		call blink_dash
 520 01b4 0E94 0000 		call blink_dash
 521 01b8 0E94 0000 		call blink_dash
 522               	.L43:
 523 01bc 0E94 0000 		call blink_dot
 524 01c0 00C0      		rjmp .L39
 525               	.L32:
 527               	.LM39:
 528 01c2 0E94 0000 		call blink_dash
 529 01c6 0E94 0000 		call blink_dash
 530 01ca 0E94 0000 		call blink_dash
 531 01ce 0E94 0000 		call blink_dash
 532               	.L39:
 533 01d2 0E94 0000 		call blink_dot
 534               	.L22:
 536               	.LM40:
 537 01d6 0E94 0000 		call pause
 539               	.LM41:
 540 01da 0E94 0000 		call pause
 542               	.LM42:
 543 01de 0E94 0000 		call pause
 544 01e2 0894      		sec
 545 01e4 E11C      		adc r14,__zero_reg__
 546 01e6 F11C      		adc r15,__zero_reg__
 547               	.L20:
 549               	.LM43:
 550 01e8 AE2D      		mov r26,r14
 551 01ea BB27      		clr r27
 552 01ec F801      		movw r30,r16
 553 01ee 0190      		ld __tmp_reg__,Z+
 554 01f0 0020      		tst __tmp_reg__
 555 01f2 01F4      		brne .-6
 556 01f4 3197      		sbiw r30,1
 557 01f6 E01B      		sub r30,r16
 558 01f8 F10B      		sbc r31,r17
 559 01fa AE17      		cp r26,r30
 560 01fc BF07      		cpc r27,r31
 561 01fe 00F4      		brsh .+2
 562 0200 00C0      		rjmp .L21
 563               	/* epilogue: frame size=3 */
 564 0202 2396      		adiw r28,3
 565 0204 0FB6      		in __tmp_reg__,__SREG__
 566 0206 F894      		cli
 567 0208 DEBF      		out __SP_H__,r29
 568 020a 0FBE      		out __SREG__,__tmp_reg__
 569 020c CDBF      		out __SP_L__,r28
 570 020e DF91      		pop r29
 571 0210 CF91      		pop r28
 572 0212 1F91      		pop r17
 573 0214 0F91      		pop r16
 574 0216 FF90      		pop r15
 575 0218 EF90      		pop r14
 576 021a 0895      		ret
 577               	/* epilogue end (size=13) */
 578               	/* function blink_morse_code_error size 180 (153) */
 583               	.Lscope7:
 585               		.stabd	78,0,0
 587               	.global	nrk_error_print
 589               	nrk_error_print:
 590               		.stabd	46,0,0
 592               	.LM44:
 593               	.LFBB8:
 594               	/* prologue: frame size=0 */
 595 021c 0F93      		push r16
 596 021e 1F93      		push r17
 597               	/* prologue end (size=2) */
 599               	.LM45:
 600 0220 8091 0000 		lds r24,error_num
 601 0224 8823      		tst r24
 602 0226 01F4      		brne .+2
 603 0228 00C0      		rjmp .L83
 605               	.LM46:
 606 022a 0E94 0000 		call nrk_int_disable
 608               	.LM47:
 609 022e 0E94 0000 		call nrk_watchdog_disable
 611               	.LM48:
 612 0232 0E94 0000 		call nrk_int_disable
 614               	.LM49:
 615 0236 80E0      		ldi r24,lo8(__c.2351)
 616 0238 90E0      		ldi r25,hi8(__c.2351)
 617 023a 0E94 0000 		call nrk_kprintf
 619               	.LM50:
 620 023e 8091 0000 		lds r24,error_task
 621 0242 9927      		clr r25
 622 0244 9F93      		push r25
 623 0246 8F93      		push r24
 624 0248 80E0      		ldi r24,lo8(.LC0)
 625 024a 90E0      		ldi r25,hi8(.LC0)
 626 024c 9F93      		push r25
 627 024e 8F93      		push r24
 628 0250 0E94 0000 		call printf
 630               	.LM51:
 631 0254 80E0      		ldi r24,lo8(__c.2353)
 632 0256 90E0      		ldi r25,hi8(__c.2353)
 633 0258 0E94 0000 		call nrk_kprintf
 635               	.LM52:
 636 025c 0F90      		pop __tmp_reg__
 637 025e 0F90      		pop __tmp_reg__
 638 0260 0F90      		pop __tmp_reg__
 639 0262 0F90      		pop __tmp_reg__
 640 0264 8091 0000 		lds r24,error_num
 641 0268 8731      		cpi r24,lo8(23)
 642 026a 00F0      		brlo .L49
 644               	.LM53:
 645 026c 1092 0000 		sts error_num,__zero_reg__
 646               	.L49:
 648               	.LM54:
 649 0270 8091 0000 		lds r24,error_num
 650 0274 9927      		clr r25
 651 0276 AA27      		clr r26
 652 0278 BB27      		clr r27
 653 027a FC01      		movw r30,r24
 654 027c 3197      		sbiw r30,1
 655 027e E531      		cpi r30,21
 656 0280 F105      		cpc r31,__zero_reg__
 657 0282 00F0      		brlo .+2
 658 0284 00C0      		rjmp .L51
 659 0286 E050      		subi r30,lo8(-(pm(.L73)))
 660 0288 F040      		sbci r31,hi8(-(pm(.L73)))
 661 028a EE0F      		lsl r30
 662 028c FF1F      		rol r31
 663 028e 0590      		lpm __tmp_reg__,Z+
 664 0290 F491      		lpm r31,Z
 665 0292 E02D      		mov r30,__tmp_reg__
 666 0294 0994      		ijmp
 667               		.data
 668               		.section .progmem.gcc_sw_table, "a", @progbits
 669               		.p2align 1
 670               	.L73:
 671               		.data
 672               		.section .progmem.gcc_sw_table, "a", @progbits
 673               		.p2align 1
 674 0000 0000      		.word pm(.L52)
 675 0002 0000      		.word pm(.L53)
 676 0004 0000      		.word pm(.L54)
 677 0006 0000      		.word pm(.L55)
 678 0008 0000      		.word pm(.L56)
 679 000a 0000      		.word pm(.L57)
 680 000c 0000      		.word pm(.L58)
 681 000e 0000      		.word pm(.L59)
 682 0010 0000      		.word pm(.L60)
 683 0012 0000      		.word pm(.L61)
 684 0014 0000      		.word pm(.L62)
 685 0016 0000      		.word pm(.L63)
 686 0018 0000      		.word pm(.L64)
 687 001a 0000      		.word pm(.L65)
 688 001c 0000      		.word pm(.L66)
 689 001e 0000      		.word pm(.L67)
 690 0020 0000      		.word pm(.L68)
 691 0022 0000      		.word pm(.L69)
 692 0024 0000      		.word pm(.L70)
 693 0026 0000      		.word pm(.L71)
 694 0028 0000      		.word pm(.L72)
 695               		.text
 696               	.L68:
 698               	.LM55:
 699 0296 80E0      		ldi r24,lo8(__c.2356)
 700 0298 90E0      		ldi r25,hi8(__c.2356)
 701 029a 00C0      		rjmp .L88
 702               	.L52:
 704               	.LM56:
 705 029c 80E0      		ldi r24,lo8(__c.2360)
 706 029e 90E0      		ldi r25,hi8(__c.2360)
 707 02a0 00C0      		rjmp .L88
 708               	.L69:
 710               	.LM57:
 711 02a2 80E0      		ldi r24,lo8(__c.2363)
 712 02a4 90E0      		ldi r25,hi8(__c.2363)
 713 02a6 00C0      		rjmp .L88
 714               	.L53:
 716               	.LM58:
 717 02a8 80E0      		ldi r24,lo8(__c.2366)
 718 02aa 90E0      		ldi r25,hi8(__c.2366)
 719 02ac 00C0      		rjmp .L88
 720               	.L54:
 722               	.LM59:
 723 02ae 80E0      		ldi r24,lo8(__c.2369)
 724 02b0 90E0      		ldi r25,hi8(__c.2369)
 725 02b2 00C0      		rjmp .L88
 726               	.L55:
 728               	.LM60:
 729 02b4 80E0      		ldi r24,lo8(__c.2372)
 730 02b6 90E0      		ldi r25,hi8(__c.2372)
 731 02b8 00C0      		rjmp .L88
 732               	.L56:
 734               	.LM61:
 735 02ba 80E0      		ldi r24,lo8(__c.2375)
 736 02bc 90E0      		ldi r25,hi8(__c.2375)
 737 02be 00C0      		rjmp .L88
 738               	.L57:
 740               	.LM62:
 741 02c0 80E0      		ldi r24,lo8(__c.2378)
 742 02c2 90E0      		ldi r25,hi8(__c.2378)
 743 02c4 00C0      		rjmp .L88
 744               	.L59:
 746               	.LM63:
 747 02c6 80E0      		ldi r24,lo8(__c.2381)
 748 02c8 90E0      		ldi r25,hi8(__c.2381)
 749 02ca 00C0      		rjmp .L88
 750               	.L58:
 752               	.LM64:
 753 02cc 80E0      		ldi r24,lo8(__c.2384)
 754 02ce 90E0      		ldi r25,hi8(__c.2384)
 755 02d0 00C0      		rjmp .L88
 756               	.L60:
 758               	.LM65:
 759 02d2 80E0      		ldi r24,lo8(__c.2387)
 760 02d4 90E0      		ldi r25,hi8(__c.2387)
 761 02d6 00C0      		rjmp .L88
 762               	.L61:
 764               	.LM66:
 765 02d8 80E0      		ldi r24,lo8(__c.2390)
 766 02da 90E0      		ldi r25,hi8(__c.2390)
 767 02dc 00C0      		rjmp .L88
 768               	.L62:
 770               	.LM67:
 771 02de 80E0      		ldi r24,lo8(__c.2393)
 772 02e0 90E0      		ldi r25,hi8(__c.2393)
 773 02e2 00C0      		rjmp .L88
 774               	.L72:
 776               	.LM68:
 777 02e4 80E0      		ldi r24,lo8(__c.2396)
 778 02e6 90E0      		ldi r25,hi8(__c.2396)
 779 02e8 00C0      		rjmp .L88
 780               	.L67:
 782               	.LM69:
 783 02ea 80E0      		ldi r24,lo8(__c.2399)
 784 02ec 90E0      		ldi r25,hi8(__c.2399)
 785 02ee 00C0      		rjmp .L88
 786               	.L63:
 788               	.LM70:
 789 02f0 80E0      		ldi r24,lo8(__c.2402)
 790 02f2 90E0      		ldi r25,hi8(__c.2402)
 791 02f4 00C0      		rjmp .L88
 792               	.L64:
 794               	.LM71:
 795 02f6 80E0      		ldi r24,lo8(__c.2405)
 796 02f8 90E0      		ldi r25,hi8(__c.2405)
 797 02fa 00C0      		rjmp .L88
 798               	.L65:
 800               	.LM72:
 801 02fc 80E0      		ldi r24,lo8(__c.2408)
 802 02fe 90E0      		ldi r25,hi8(__c.2408)
 803 0300 00C0      		rjmp .L88
 804               	.L66:
 806               	.LM73:
 807 0302 80E0      		ldi r24,lo8(__c.2411)
 808 0304 90E0      		ldi r25,hi8(__c.2411)
 809 0306 00C0      		rjmp .L88
 810               	.L70:
 812               	.LM74:
 813 0308 80E0      		ldi r24,lo8(__c.2414)
 814 030a 90E0      		ldi r25,hi8(__c.2414)
 815 030c 00C0      		rjmp .L88
 816               	.L71:
 818               	.LM75:
 819 030e 80E0      		ldi r24,lo8(__c.2417)
 820 0310 90E0      		ldi r25,hi8(__c.2417)
 821 0312 00C0      		rjmp .L88
 822               	.L51:
 824               	.LM76:
 825 0314 80E0      		ldi r24,lo8(__c.2420)
 826 0316 90E0      		ldi r25,hi8(__c.2420)
 827               	.L88:
 828 0318 0E94 0000 		call nrk_kprintf
 830               	.LM77:
 831 031c 6091 0000 		lds r22,__iob+2
 832 0320 7091 0000 		lds r23,(__iob+2)+1
 833 0324 8DE0      		ldi r24,lo8(13)
 834 0326 90E0      		ldi r25,hi8(13)
 835 0328 0E94 0000 		call fputc
 837               	.LM78:
 838 032c 6091 0000 		lds r22,__iob+2
 839 0330 7091 0000 		lds r23,(__iob+2)+1
 840 0334 8AE0      		ldi r24,lo8(10)
 841 0336 90E0      		ldi r25,hi8(10)
 842 0338 0E94 0000 		call fputc
 843 033c 00E0      		ldi r16,lo8(0)
 844 033e 00C0      		rjmp .L75
 845               	.L76:
 847               	.LM79:
 848 0340 82E0      		ldi r24,lo8(2)
 849 0342 90E0      		ldi r25,hi8(2)
 850 0344 0E94 0000 		call nrk_led_set
 852               	.LM80:
 853 0348 83E0      		ldi r24,lo8(3)
 854 034a 90E0      		ldi r25,hi8(3)
 855 034c 0E94 0000 		call nrk_led_clr
 856 0350 10E0      		ldi r17,lo8(0)
 857               	.L77:
 859               	.LM81:
 860 0352 88EE      		ldi r24,lo8(1000)
 861 0354 93E0      		ldi r25,hi8(1000)
 862 0356 0E94 0000 		call nrk_spin_wait_us
 864               	.LM82:
 865 035a 1F5F      		subi r17,lo8(-(1))
 866 035c 1436      		cpi r17,lo8(100)
 867 035e 01F4      		brne .L77
 869               	.LM83:
 870 0360 83E0      		ldi r24,lo8(3)
 871 0362 90E0      		ldi r25,hi8(3)
 872 0364 0E94 0000 		call nrk_led_set
 874               	.LM84:
 875 0368 82E0      		ldi r24,lo8(2)
 876 036a 90E0      		ldi r25,hi8(2)
 877 036c 0E94 0000 		call nrk_led_clr
 878 0370 10E0      		ldi r17,lo8(0)
 879               	.L79:
 881               	.LM85:
 882 0372 88EE      		ldi r24,lo8(1000)
 883 0374 93E0      		ldi r25,hi8(1000)
 884 0376 0E94 0000 		call nrk_spin_wait_us
 886               	.LM86:
 887 037a 1F5F      		subi r17,lo8(-(1))
 888 037c 1436      		cpi r17,lo8(100)
 889 037e 01F4      		brne .L79
 891               	.LM87:
 892 0380 0F5F      		subi r16,lo8(-(1))
 893               	.L75:
 894 0382 0431      		cpi r16,lo8(20)
 895 0384 04F0      		brlt .L76
 897               	.LM88:
 898 0386 83E0      		ldi r24,lo8(3)
 899 0388 90E0      		ldi r25,hi8(3)
 900 038a 0E94 0000 		call nrk_led_clr
 902               	.LM89:
 903 038e 82E0      		ldi r24,lo8(2)
 904 0390 90E0      		ldi r25,hi8(2)
 905 0392 0E94 0000 		call nrk_led_clr
 907               	.LM90:
 908 0396 8091 0000 		lds r24,error_task
 909 039a 0E94 0000 		call blink_morse_code_error
 911               	.LM91:
 912 039e 8091 0000 		lds r24,error_num
 913 03a2 0E94 0000 		call blink_morse_code_error
 914 03a6 00E0      		ldi r16,lo8(0)
 915 03a8 00C0      		rjmp .L76
 916               	.L83:
 918               	.LM92:
 919 03aa 80E0      		ldi r24,lo8(0)
 920 03ac 90E0      		ldi r25,hi8(0)
 921               	/* epilogue: frame size=0 */
 922 03ae 1F91      		pop r17
 923 03b0 0F91      		pop r16
 924 03b2 0895      		ret
 925               	/* epilogue end (size=3) */
 926               	/* function nrk_error_print size 225 (220) */
 932               	.Lscope8:
 934               		.stabd	78,0,0
 938               	.global	nrk_kernel_error_add
 940               	nrk_kernel_error_add:
 941               		.stabd	46,0,0
 943               	.LM93:
 944               	.LFBB9:
 945               	/* prologue: frame size=0 */
 946 03b4 EF92      		push r14
 947 03b6 FF92      		push r15
 948 03b8 0F93      		push r16
 949 03ba 1F93      		push r17
 950               	/* prologue end (size=4) */
 951 03bc E82E      		mov r14,r24
 952 03be F62E      		mov r15,r22
 954               	.LM94:
 955 03c0 8093 0000 		sts error_num,r24
 957               	.LM95:
 958 03c4 6093 0000 		sts error_task,r22
 960               	.LM96:
 961 03c8 0E94 0000 		call nrk_error_print
 962 03cc 00E0      		ldi r16,lo8(0)
 963 03ce 00C0      		rjmp .L90
 964               	.L91:
 966               	.LM97:
 967 03d0 82E0      		ldi r24,lo8(2)
 968 03d2 90E0      		ldi r25,hi8(2)
 969 03d4 0E94 0000 		call nrk_led_set
 971               	.LM98:
 972 03d8 83E0      		ldi r24,lo8(3)
 973 03da 90E0      		ldi r25,hi8(3)
 974 03dc 0E94 0000 		call nrk_led_clr
 975 03e0 10E0      		ldi r17,lo8(0)
 976               	.L92:
 978               	.LM99:
 979 03e2 88EE      		ldi r24,lo8(1000)
 980 03e4 93E0      		ldi r25,hi8(1000)
 981 03e6 0E94 0000 		call nrk_spin_wait_us
 983               	.LM100:
 984 03ea 1F5F      		subi r17,lo8(-(1))
 985 03ec 1436      		cpi r17,lo8(100)
 986 03ee 01F4      		brne .L92
 988               	.LM101:
 989 03f0 83E0      		ldi r24,lo8(3)
 990 03f2 90E0      		ldi r25,hi8(3)
 991 03f4 0E94 0000 		call nrk_led_set
 993               	.LM102:
 994 03f8 82E0      		ldi r24,lo8(2)
 995 03fa 90E0      		ldi r25,hi8(2)
 996 03fc 0E94 0000 		call nrk_led_clr
 997 0400 10E0      		ldi r17,lo8(0)
 998               	.L94:
 1000               	.LM103:
 1001 0402 88EE      		ldi r24,lo8(1000)
 1002 0404 93E0      		ldi r25,hi8(1000)
 1003 0406 0E94 0000 		call nrk_spin_wait_us
 1005               	.LM104:
 1006 040a 1F5F      		subi r17,lo8(-(1))
 1007 040c 1436      		cpi r17,lo8(100)
 1008 040e 01F4      		brne .L94
 1010               	.LM105:
 1011 0410 0F5F      		subi r16,lo8(-(1))
 1012               	.L90:
 1013 0412 0431      		cpi r16,lo8(20)
 1014 0414 00F0      		brlo .L91
 1016               	.LM106:
 1017 0416 83E0      		ldi r24,lo8(3)
 1018 0418 90E0      		ldi r25,hi8(3)
 1019 041a 0E94 0000 		call nrk_led_clr
 1021               	.LM107:
 1022 041e 82E0      		ldi r24,lo8(2)
 1023 0420 90E0      		ldi r25,hi8(2)
 1024 0422 0E94 0000 		call nrk_led_clr
 1026               	.LM108:
 1027 0426 8F2D      		mov r24,r15
 1028 0428 0E94 0000 		call blink_morse_code_error
 1030               	.LM109:
 1031 042c 8E2D      		mov r24,r14
 1032 042e 0E94 0000 		call blink_morse_code_error
 1033 0432 00E0      		ldi r16,lo8(0)
 1034 0434 00C0      		rjmp .L91
 1035               	/* epilogue: frame size=0 */
 1036               	/* epilogue: noreturn */
 1037               	/* epilogue end (size=0) */
 1038               	/* function nrk_kernel_error_add size 65 (61) */
 1044               	.Lscope9:
 1046               		.stabd	78,0,0
 1049               	.global	nrk_error_add
 1051               	nrk_error_add:
 1052               		.stabd	46,0,0
 1054               	.LM110:
 1055               	.LFBB10:
 1056               	/* prologue: frame size=0 */
 1057               	/* prologue end (size=0) */
 1059               	.LM111:
 1060 0436 8093 0000 		sts error_num,r24
 1062               	.LM112:
 1063 043a E091 0000 		lds r30,nrk_cur_task_TCB
 1064 043e F091 0000 		lds r31,(nrk_cur_task_TCB)+1
 1065 0442 8085      		ldd r24,Z+8
 1066 0444 8093 0000 		sts error_task,r24
 1068               	.LM113:
 1069 0448 0E94 0000 		call nrk_error_print
 1070               	/* epilogue: frame size=0 */
 1071 044c 0895      		ret
 1072               	/* epilogue end (size=1) */
 1073               	/* function nrk_error_add size 12 (11) */
 1075               	.Lscope10:
 1077               		.stabd	78,0,0
 1078               		.section	.progmem.data,"a",@progbits
 1081               	__c.2420:
 1082 0000 554E 4B4F 		.string	"UNKOWN"
 1082      574E 00
 1085               	__c.2417:
 1086 0007 4578 7465 		.string	"External Reset"
 1086      726E 616C 
 1086      2052 6573 
 1086      6574 00
 1089               	__c.2414:
 1090 0016 4272 6F77 		.string	"Brown Out Detect"
 1090      6E20 4F75 
 1090      7420 4465 
 1090      7465 6374 
 1090      00
 1093               	__c.2411:
 1094 0027 4661 696C 		.string	"Failed to create Semaphore"
 1094      6564 2074 
 1094      6F20 6372 
 1094      6561 7465 
 1094      2053 656D 
 1097               	__c.2408:
 1098 0042 4661 696C 		.string	"Failed to create Signal"
 1098      6564 2074 
 1098      6F20 6372 
 1098      6561 7465 
 1098      2053 6967 
 1101               	__c.2405:
 1102 005a 4B65 726E 		.string	"Kernel function not implemented"
 1102      656C 2066 
 1102      756E 6374 
 1102      696F 6E20 
 1102      6E6F 7420 
 1105               	__c.2402:
 1106 007a 4465 7669 		.string	"Device Driver Error"
 1106      6365 2044 
 1106      7269 7665 
 1106      7220 4572 
 1106      726F 7200 
 1109               	__c.2399:
 1110 008e 5761 7463 		.string	"Watchdog Restart"
 1110      6864 6F67 
 1110      2052 6573 
 1110      7461 7274 
 1110      00
 1113               	__c.2396:
 1114 009f 5357 2057 		.string	"SW Watchdog Restart"
 1114      6174 6368 
 1114      646F 6720 
 1114      5265 7374 
 1114      6172 7400 
 1117               	__c.2393:
 1118 00b3 5469 6D65 		.string	"Timer Overflow"
 1118      7220 4F76 
 1118      6572 666C 
 1118      6F77 00
 1121               	__c.2390:
 1122 00c2 556E 6861 		.string	"Unhandled Interrupt Vector"
 1122      6E64 6C65 
 1122      6420 496E 
 1122      7465 7272 
 1122      7570 7420 
 1125               	__c.2387:
 1126 00dd 4C6F 7720 		.string	"Low Voltage"
 1126      566F 6C74 
 1126      6167 6500 
 1129               	__c.2384:
 1130 00e9 4578 7472 		.string	"Extra Task started, is nrk_cfg.h ok?"
 1130      6120 5461 
 1130      736B 2073 
 1130      7461 7274 
 1130      6564 2C20 
 1133               	__c.2381:
 1134 010e 4964 6C65 		.string	"Idle or Kernel Stack Overflow"
 1134      206F 7220 
 1134      4B65 726E 
 1134      656C 2053 
 1134      7461 636B 
 1137               	__c.2378:
 1138 012c 556E 6578 		.string	"Unexpected Restart"
 1138      7065 6374 
 1138      6564 2052 
 1138      6573 7461 
 1138      7274 00
 1141               	__c.2375:
 1142 013f 4475 706C 		.string	"Duplicated Task ID"
 1142      6963 6174 
 1142      6564 2054 
 1142      6173 6B20 
 1142      4944 00
 1145               	__c.2372:
 1146 0152 5363 6865 		.string	"Scheduler Missed Wakeup"
 1146      6475 6C65 
 1146      7220 4D69 
 1146      7373 6564 
 1146      2057 616B 
 1149               	__c.2369:
 1150 016a 5461 736B 		.string	"Task Reserve Violated"
 1150      2052 6573 
 1150      6572 7665 
 1150      2056 696F 
 1150      6C61 7465 
 1153               	__c.2366:
 1154 0180 5265 7365 		.string	"Reserve Error in Scheduler"
 1154      7276 6520 
 1154      4572 726F 
 1154      7220 696E 
 1154      2053 6368 
 1157               	__c.2363:
 1158 019b 496E 7661 		.string	"Invalid Stack Pointer"
 1158      6C69 6420 
 1158      5374 6163 
 1158      6B20 506F 
 1158      696E 7465 
 1161               	__c.2360:
 1162 01b1 5461 736B 		.string	"Task Stack Overflow"
 1162      2053 7461 
 1162      636B 204F 
 1162      7665 7266 
 1162      6C6F 7700 
 1165               	__c.2356:
 1166 01c5 5374 6163 		.string	"Stack was not defined as large enough!"
 1166      6B20 7761 
 1166      7320 6E6F 
 1166      7420 6465 
 1166      6669 6E65 
 1169               	__c.2353:
 1170 01ec 293A 2000 		.string	"): "
 1173               	__c.2351:
 1174 01f0 2A4E 524B 		.string	"*NRK ERROR("
 1174      2045 5252 
 1174      4F52 2800 
 1175               		.comm _nrk_signal_list,4,1
 1176               		.comm error_task,1,1
 1177               		.comm error_num,1,1
 1178               		.comm nrk_idle_task_stk,128,1
 1179               		.comm nrk_kernel_stk_ptr,2,1
 1180               		.comm _nrk_prev_timer_val,1,1
 1181               		.comm _nrk_time_trigger,1,1
 1182               		.comm app_timer0_callback,2,1
 1183               		.comm app_timer0_prescale,1,1
 1217               		.text
 1219               	.Letext0:
 1220               	/* File "../../src/kernel/source/nrk_error.c": code  572 = 0x023c ( 512), prologues  30, epilogues 
DEFINED SYMBOLS
                            *ABS*:0000000000000000 nrk_error.c
/var/folders/Qq/QqLTHlelFveneFuzSoIahU+++TI/-Tmp-//ccFGL7ZU.s:2      *ABS*:000000000000003f __SREG__
/var/folders/Qq/QqLTHlelFveneFuzSoIahU+++TI/-Tmp-//ccFGL7ZU.s:3      *ABS*:000000000000003e __SP_H__
/var/folders/Qq/QqLTHlelFveneFuzSoIahU+++TI/-Tmp-//ccFGL7ZU.s:4      *ABS*:000000000000003d __SP_L__
/var/folders/Qq/QqLTHlelFveneFuzSoIahU+++TI/-Tmp-//ccFGL7ZU.s:5      *ABS*:0000000000000000 __tmp_reg__
/var/folders/Qq/QqLTHlelFveneFuzSoIahU+++TI/-Tmp-//ccFGL7ZU.s:6      *ABS*:0000000000000001 __zero_reg__
/var/folders/Qq/QqLTHlelFveneFuzSoIahU+++TI/-Tmp-//ccFGL7ZU.s:136    .text:0000000000000000 _nrk_errno_set
/var/folders/Qq/QqLTHlelFveneFuzSoIahU+++TI/-Tmp-//ccFGL7ZU.s:159    .text:000000000000000c nrk_errno_get
/var/folders/Qq/QqLTHlelFveneFuzSoIahU+++TI/-Tmp-//ccFGL7ZU.s:185    .text:000000000000001a nrk_error_get
                            *COM*:0000000000000001 error_num
                            *COM*:0000000000000001 error_task
/var/folders/Qq/QqLTHlelFveneFuzSoIahU+++TI/-Tmp-//ccFGL7ZU.s:228    .text:000000000000003a pause
/var/folders/Qq/QqLTHlelFveneFuzSoIahU+++TI/-Tmp-//ccFGL7ZU.s:286    .text:0000000000000078 blink_dot
/var/folders/Qq/QqLTHlelFveneFuzSoIahU+++TI/-Tmp-//ccFGL7ZU.s:320    .text:0000000000000092 blink_dash
/var/folders/Qq/QqLTHlelFveneFuzSoIahU+++TI/-Tmp-//ccFGL7ZU.s:365    .text:00000000000000b4 blink_morse_code_error
/var/folders/Qq/QqLTHlelFveneFuzSoIahU+++TI/-Tmp-//ccFGL7ZU.s:589    .text:000000000000021c nrk_error_print
/var/folders/Qq/QqLTHlelFveneFuzSoIahU+++TI/-Tmp-//ccFGL7ZU.s:1173   .progmem.data:00000000000001f0 __c.2351
/var/folders/Qq/QqLTHlelFveneFuzSoIahU+++TI/-Tmp-//ccFGL7ZU.s:1169   .progmem.data:00000000000001ec __c.2353
/var/folders/Qq/QqLTHlelFveneFuzSoIahU+++TI/-Tmp-//ccFGL7ZU.s:1165   .progmem.data:00000000000001c5 __c.2356
/var/folders/Qq/QqLTHlelFveneFuzSoIahU+++TI/-Tmp-//ccFGL7ZU.s:1161   .progmem.data:00000000000001b1 __c.2360
/var/folders/Qq/QqLTHlelFveneFuzSoIahU+++TI/-Tmp-//ccFGL7ZU.s:1157   .progmem.data:000000000000019b __c.2363
/var/folders/Qq/QqLTHlelFveneFuzSoIahU+++TI/-Tmp-//ccFGL7ZU.s:1153   .progmem.data:0000000000000180 __c.2366
/var/folders/Qq/QqLTHlelFveneFuzSoIahU+++TI/-Tmp-//ccFGL7ZU.s:1149   .progmem.data:000000000000016a __c.2369
/var/folders/Qq/QqLTHlelFveneFuzSoIahU+++TI/-Tmp-//ccFGL7ZU.s:1145   .progmem.data:0000000000000152 __c.2372
/var/folders/Qq/QqLTHlelFveneFuzSoIahU+++TI/-Tmp-//ccFGL7ZU.s:1141   .progmem.data:000000000000013f __c.2375
/var/folders/Qq/QqLTHlelFveneFuzSoIahU+++TI/-Tmp-//ccFGL7ZU.s:1137   .progmem.data:000000000000012c __c.2378
/var/folders/Qq/QqLTHlelFveneFuzSoIahU+++TI/-Tmp-//ccFGL7ZU.s:1133   .progmem.data:000000000000010e __c.2381
/var/folders/Qq/QqLTHlelFveneFuzSoIahU+++TI/-Tmp-//ccFGL7ZU.s:1129   .progmem.data:00000000000000e9 __c.2384
/var/folders/Qq/QqLTHlelFveneFuzSoIahU+++TI/-Tmp-//ccFGL7ZU.s:1125   .progmem.data:00000000000000dd __c.2387
/var/folders/Qq/QqLTHlelFveneFuzSoIahU+++TI/-Tmp-//ccFGL7ZU.s:1121   .progmem.data:00000000000000c2 __c.2390
/var/folders/Qq/QqLTHlelFveneFuzSoIahU+++TI/-Tmp-//ccFGL7ZU.s:1117   .progmem.data:00000000000000b3 __c.2393
/var/folders/Qq/QqLTHlelFveneFuzSoIahU+++TI/-Tmp-//ccFGL7ZU.s:1113   .progmem.data:000000000000009f __c.2396
/var/folders/Qq/QqLTHlelFveneFuzSoIahU+++TI/-Tmp-//ccFGL7ZU.s:1109   .progmem.data:000000000000008e __c.2399
/var/folders/Qq/QqLTHlelFveneFuzSoIahU+++TI/-Tmp-//ccFGL7ZU.s:1105   .progmem.data:000000000000007a __c.2402
/var/folders/Qq/QqLTHlelFveneFuzSoIahU+++TI/-Tmp-//ccFGL7ZU.s:1101   .progmem.data:000000000000005a __c.2405
/var/folders/Qq/QqLTHlelFveneFuzSoIahU+++TI/-Tmp-//ccFGL7ZU.s:1097   .progmem.data:0000000000000042 __c.2408
/var/folders/Qq/QqLTHlelFveneFuzSoIahU+++TI/-Tmp-//ccFGL7ZU.s:1093   .progmem.data:0000000000000027 __c.2411
/var/folders/Qq/QqLTHlelFveneFuzSoIahU+++TI/-Tmp-//ccFGL7ZU.s:1089   .progmem.data:0000000000000016 __c.2414
/var/folders/Qq/QqLTHlelFveneFuzSoIahU+++TI/-Tmp-//ccFGL7ZU.s:1085   .progmem.data:0000000000000007 __c.2417
/var/folders/Qq/QqLTHlelFveneFuzSoIahU+++TI/-Tmp-//ccFGL7ZU.s:1081   .progmem.data:0000000000000000 __c.2420
/var/folders/Qq/QqLTHlelFveneFuzSoIahU+++TI/-Tmp-//ccFGL7ZU.s:940    .text:00000000000003b4 nrk_kernel_error_add
/var/folders/Qq/QqLTHlelFveneFuzSoIahU+++TI/-Tmp-//ccFGL7ZU.s:1051   .text:0000000000000436 nrk_error_add
                            *COM*:0000000000000004 _nrk_signal_list
                            *COM*:0000000000000080 nrk_idle_task_stk
                            *COM*:0000000000000002 nrk_kernel_stk_ptr
                            *COM*:0000000000000001 _nrk_prev_timer_val
                            *COM*:0000000000000001 _nrk_time_trigger
                            *COM*:0000000000000002 app_timer0_callback
                            *COM*:0000000000000001 app_timer0_prescale

UNDEFINED SYMBOLS
__do_copy_data
__do_clear_bss
nrk_cur_task_TCB
nrk_spin_wait_us
nrk_led_set
nrk_led_clr
sprintf
nrk_int_disable
nrk_watchdog_disable
nrk_kprintf
printf
__iob
fputc
