Archive member included because of file (symbol)

/usr/local/lib/gcc/avr/4.2.2/../../../../avr/lib/avr5/libprintf_min.a(vfprintf_min.o)
                              (vfprintf)
/usr/local/lib/gcc/avr/4.2.2/avr5/libgcc.a(_mulsi3.o)
                              ../../../src/kernel/source/nrk_time.o (__mulsi3)
/usr/local/lib/gcc/avr/4.2.2/avr5/libgcc.a(_udivmodhi4.o)
                              ../../../src/net/bmac/bmac.o (__udivmodhi4)
/usr/local/lib/gcc/avr/4.2.2/avr5/libgcc.a(_divmodhi4.o)
                              ../../../src/net/bmac/bmac.o (__divmodhi4)
/usr/local/lib/gcc/avr/4.2.2/avr5/libgcc.a(_udivmodsi4.o)
                              ../../../src/kernel/source/nrk_time.o (__udivmodsi4)
/usr/local/lib/gcc/avr/4.2.2/avr5/libgcc.a(_prologue.o)
                              /usr/local/lib/gcc/avr/4.2.2/../../../../avr/lib/avr5/libprintf_min.a(vfprintf_min.o) (__prologue_saves__)
/usr/local/lib/gcc/avr/4.2.2/avr5/libgcc.a(_epilogue.o)
                              /usr/local/lib/gcc/avr/4.2.2/../../../../avr/lib/avr5/libprintf_min.a(vfprintf_min.o) (__epilogue_restores__)
/usr/local/lib/gcc/avr/4.2.2/avr5/libgcc.a(_exit.o)
                              /usr/local/lib/gcc/avr/4.2.2/../../../../avr/lib/avr5/crtm1281.o (exit)
/usr/local/lib/gcc/avr/4.2.2/avr5/libgcc.a(_clear_bss.o)
                              bmac_client.o (__do_clear_bss)
/usr/local/lib/gcc/avr/4.2.2/avr5/libgcc.a(_udivdi3.o)
                              ../../../src/kernel/source/nrk_time.o (__udivdi3)
/usr/local/lib/gcc/avr/4.2.2/avr5/libgcc.a(_clz.o)
                              /usr/local/lib/gcc/avr/4.2.2/avr5/libgcc.a(_udivdi3.o) (__clz_tab)
/usr/local/lib/gcc/avr/4.2.2/../../../../avr/lib/avr5/libc.a(rand.o)
                              ../../../src/net/bmac/bmac.o (rand)
/usr/local/lib/gcc/avr/4.2.2/../../../../avr/lib/avr5/libc.a(strchr_P.o)
                              /usr/local/lib/gcc/avr/4.2.2/../../../../avr/lib/avr5/libprintf_min.a(vfprintf_min.o) (strchr_P)
/usr/local/lib/gcc/avr/4.2.2/../../../../avr/lib/avr5/libc.a(fdevopen.o)
                              ../../../src/platform/firefly2_2/source/ulib.o (fdevopen)
/usr/local/lib/gcc/avr/4.2.2/../../../../avr/lib/avr5/libc.a(fputc.o)
                              ../../../src/platform/firefly2_2/source/ulib.o (fputc)
/usr/local/lib/gcc/avr/4.2.2/../../../../avr/lib/avr5/libc.a(iob.o)
                              ../../../src/platform/firefly2_2/source/ulib.o (__iob)
/usr/local/lib/gcc/avr/4.2.2/../../../../avr/lib/avr5/libc.a(printf.o)
                              bmac_client.o (printf)
/usr/local/lib/gcc/avr/4.2.2/../../../../avr/lib/avr5/libc.a(sprintf.o)
                              bmac_client.o (sprintf)
/usr/local/lib/gcc/avr/4.2.2/../../../../avr/lib/avr5/libc.a(ultoa_invert.o)
                              /usr/local/lib/gcc/avr/4.2.2/../../../../avr/lib/avr5/libprintf_min.a(vfprintf_min.o) (__ultoa_invert)
/usr/local/lib/gcc/avr/4.2.2/../../../../avr/lib/avr5/libc.a(ee_rb.1F2021.o)
                              ../../../src/platform/firefly2_2/source/nrk_eeprom.o (__eeprom_read_byte_1F2021)
/usr/local/lib/gcc/avr/4.2.2/../../../../avr/lib/avr5/libc.a(ee_wb.1F2021.o)
                              ../../../src/platform/firefly2_2/source/nrk_eeprom.o (__eeprom_write_byte_1F2021)
/usr/local/lib/gcc/avr/4.2.2/../../../../avr/lib/avr5/libc.a(calloc.o)
                              /usr/local/lib/gcc/avr/4.2.2/../../../../avr/lib/avr5/libc.a(fdevopen.o) (calloc)
/usr/local/lib/gcc/avr/4.2.2/../../../../avr/lib/avr5/libc.a(malloc.o)
                              /usr/local/lib/gcc/avr/4.2.2/../../../../avr/lib/avr5/libc.a(calloc.o) (malloc)
/usr/local/lib/gcc/avr/4.2.2/../../../../avr/lib/avr5/libc.a(memset.o)
                              /usr/local/lib/gcc/avr/4.2.2/../../../../avr/lib/avr5/libc.a(calloc.o) (memset)
/usr/local/lib/gcc/avr/4.2.2/avr5/libgcc.a(_divmodsi4.o)
                              /usr/local/lib/gcc/avr/4.2.2/../../../../avr/lib/avr5/libc.a(rand.o) (__divmodsi4)

Allocating common symbols
Common symbol       size              file

rx_ctr              0x4               ../../../src/radio/cc2420/source/basic_rf.o
t                   0x1               ../../../src/kernel/source/nrk_scheduler.o
_free_node          0x2               ../../../src/kernel/source/nrk.o
app_timer0_callback
                    0x2               ../../../src/net/bmac/bmac.o
nrk_task_TCB        0x84              ../../../src/kernel/source/nrk.o
next_next_wakeup    0x2               ../../../src/kernel/source/nrk.o
ext_int1_callback   0x2               ../../../src/kernel/hal/atmega1281/nrk_ext_int.o
radio_sem           0x2               ../../../src/radio/cc2420/source/basic_rf.o
tx_task_stack       0x100             bmac_client.o
ext_int0_callback   0x2               ../../../src/kernel/hal/atmega1281/nrk_ext_int.o
nrk_sem_list        0x6               ../../../src/kernel/source/nrk.o
[...]
Memory Configuration

Name             Origin             Length             Attributes
text             0x0000000000000000 0x0000000000020000 xr
data             0x0000000000800060 0x000000000000ffa0 rw !x
eeprom           0x0000000000810000 0x0000000000010000 rw !x
*default*        0x0000000000000000 0xffffffffffffffff

Linker script and memory map

Address of section .data set to 0x800200
LOAD /usr/local/lib/gcc/avr/4.2.2/../../../../avr/lib/avr5/crtm1281.o
LOAD bmac_client.o
LOAD ../../../src/net/bmac/bmac.o
LOAD ../../../src/drivers/platform/firefly2_2/source/ff_basic_sensor.o
LOAD ../../../src/radio/cc2420/source/hal_rf_set_channel.o
LOAD ../../../src/radio/cc2420/source/hal_rf_wait_for_crystal_oscillator.o
LOAD ../../../src/radio/cc2420/source/basic_rf.o
LOAD ../../../src/platform/firefly2_2/source/ulib.o
LOAD ../../../src/platform/firefly2_2/source/hal_wait.o
LOAD ../../../src/platform/firefly2_2/source/nrk_eeprom.o
LOAD ../../../src/kernel/source/nrk.o
LOAD ../../../src/kernel/source/nrk_stats.o
LOAD ../../../src/kernel/source/nrk_error.o
LOAD ../../../src/kernel/source/nrk_stack_check.o
LOAD ../../../src/kernel/source/nrk_events.o
LOAD ../../../src/kernel/source/nrk_task.o
LOAD ../../../src/kernel/source/nrk_time.o
LOAD ../../../src/kernel/source/nrk_idle_task.o
LOAD ../../../src/kernel/source/nrk_scheduler.o
LOAD ../../../src/kernel/source/nrk_driver.o
LOAD ../../../src/kernel/source/nrk_reserve.o
LOAD ../../../src/kernel/source/nrk_sw_wdt.o
LOAD ../../../src/kernel/hal/atmega1281/nrk_timer.o
LOAD ../../../src/kernel/hal/atmega1281/nrk_status.o
LOAD ../../../src/kernel/hal/atmega1281/nrk_ext_int.o
LOAD ../../../src/kernel/hal/atmega1281/nrk_watchdog.o
LOAD ../../../src/kernel/hal/atmega1281/nrk_cpu.o
LOAD ../../../src/kernel/hal/atmega1281/atmel_hw_specific.o
LOAD /usr/local/lib/gcc/avr/4.2.2/../../../../avr/lib/avr5/libprintf_min.a
LOAD /usr/local/lib/gcc/avr/4.2.2/../../../../avr/lib/avr5/libm.a
LOAD /usr/local/lib/gcc/avr/4.2.2/avr5/libgcc.a
LOAD /usr/local/lib/gcc/avr/4.2.2/../../../../avr/lib/avr5/libc.a
LOAD /usr/local/lib/gcc/avr/4.2.2/avr5/libgcc.a

.hash
 *(.hash)

.dynsym
 *(.dynsym)

.dynstr
 *(.dynstr)

.gnu.version
 *(.gnu.version)

.gnu.version_d
 *(.gnu.version_d)

.gnu.version_r
 *(.gnu.version_r)

.rel.init
 *(.rel.init)

.rela.init
 *(.rela.init)

.rel.text
 *(.rel.text)
 *(.rel.text.*)
 *(.rel.gnu.linkonce.t*)

.rela.text
 *(.rela.text)
 *(.rela.text.*)
 *(.rela.gnu.linkonce.t*)

.rel.fini
 *(.rel.fini)

.rela.fini
 *(.rela.fini)

.rel.rodata
 *(.rel.rodata)
 *(.rel.rodata.*)
 *(.rel.gnu.linkonce.r*)

.rela.rodata
 *(.rela.rodata)
 *(.rela.rodata.*)
 *(.rela.gnu.linkonce.r*)

.rel.data
 *(.rel.data)
 *(.rel.data.*)
 *(.rel.gnu.linkonce.d*)

.rela.data
 *(.rela.data)
 *(.rela.data.*)
 *(.rela.gnu.linkonce.d*)

.rel.ctors
 *(.rel.ctors)

.rela.ctors
 *(.rela.ctors)

.rel.dtors
 *(.rel.dtors)

.rela.dtors
 *(.rela.dtors)

.rel.got
 *(.rel.got)

.rela.got
 *(.rela.got)

.rel.bss
 *(.rel.bss)

.rela.bss
 *(.rela.bss)

.rel.plt
 *(.rel.plt)

.rela.plt
 *(.rela.plt)

.text           0x0000000000000000     0x7dca
 *(.vectors)
 .vectors       0x0000000000000000       0xcc /usr/local/lib/gcc/avr/4.2.2/../../../../avr/lib/avr5/crtm1281.o
                0x0000000000000000                __vectors
 *(.vectors)
 *(.progmem.gcc*)
 .progmem.gcc_sw_table
                0x00000000000000cc       0x2a ../../../src/kernel/source/nrk_error.o
 *(.progmem*)
 .progmem.data  0x00000000000000f6       0x60 bmac_client.o
 .progmem.data  0x0000000000000156       0xdf ../../../src/net/bmac/bmac.o
 .progmem.data  0x0000000000000235       0x59 ../../../src/radio/cc2420/source/basic_rf.o
 .progmem.data  0x000000000000028e      0x1fc ../../../src/kernel/source/nrk_error.o
 .progmem.data  0x000000000000048a        0xf ../../../src/kernel/source/nrk_stack_check.o
 .progmem.data  0x0000000000000499       0x17 /usr/local/lib/gcc/avr/4.2.2/../../../../avr/lib/avr5/libprintf_min.a(vfprintf_min.o)
                0x00000000000004b0                . = ALIGN (0x2)
                0x00000000000004b0                __trampolines_start = .
 *(.trampolines)
 .trampolines   0x00000000000004b0        0x0 linker stubs
 *(.trampolines*)
                0x00000000000004b0                __trampolines_end = .
 *(.jumptables)
 *(.jumptables*)
 *(.lowtext)
 *(.lowtext*)
                0x00000000000004b0                __ctors_start = .
 *(.ctors)
                0x00000000000004b0                __ctors_end = .
                0x00000000000004b0                __dtors_start = .
 *(.dtors)
                0x00000000000004b0                __dtors_end = .
 SORT(*)(.ctors)
 SORT(*)(.dtors)
 *(.init0)
 .init0         0x00000000000004b0        0x0 /usr/local/lib/gcc/avr/4.2.2/../../../../avr/lib/avr5/crtm1281.o
                0x00000000000004b0                __init
 *(.init0)
 *(.init1)
 *(.init1)
 *(.init2)
 .init2         0x00000000000004b0        0xc /usr/local/lib/gcc/avr/4.2.2/../../../../avr/lib/avr5/crtm1281.o
 *(.init2)
 *(.init3)
 *(.init3)
 *(.init4)
 .init4         0x00000000000004bc       0x1a /usr/local/lib/gcc/avr/4.2.2/../../../../avr/lib/avr5/crtm1281.o
                0x00000000000004bc                __do_copy_data
 .init4         0x00000000000004d6       0x10 /usr/local/lib/gcc/avr/4.2.2/avr5/libgcc.a(_clear_bss.o)
                0x00000000000004d6                __do_clear_bss
 *(.init4)
 *(.init5)
 *(.init5)
 *(.init6)
 *(.init6)
 *(.init7)
 *(.init7)
 *(.init8)
 *(.init8)
 *(.init9)
 .init9         0x00000000000004e6        0x8 /usr/local/lib/gcc/avr/4.2.2/../../../../avr/lib/avr5/crtm1281.o
 *(.init9)
 *(.text)
 .text          0x00000000000004ee        0x4 /usr/local/lib/gcc/avr/4.2.2/../../../../avr/lib/avr5/crtm1281.o
                0x00000000000004ee                __vector_38
                0x00000000000004ee                __vector_22
                0x00000000000004ee                __vector_28
                0x00000000000004ee                __vector_34
                0x00000000000004ee                __vector_24
                0x00000000000004ee                __vector_12
                0x00000000000004ee                __vector_46
                0x00000000000004ee                __bad_interrupt
                0x00000000000004ee                __vector_6
                0x00000000000004ee                __vector_31
                0x00000000000004ee                __vector_35
                0x00000000000004ee                __vector_39
                0x00000000000004ee                __vector_3
                0x00000000000004ee                __vector_23
                0x00000000000004ee                __vector_30
                0x00000000000004ee                __vector_45
                0x00000000000004ee                __vector_25
                0x00000000000004ee                __vector_11
                0x00000000000004ee                __vector_19
                0x00000000000004ee                __vector_7
                0x00000000000004ee                __vector_49
                0x00000000000004ee                __vector_41
                0x00000000000004ee                __vector_43
                0x00000000000004ee                __vector_27
                0x00000000000004ee                __vector_5
                0x00000000000004ee                __vector_33
                0x00000000000004ee                __vector_47
                0x00000000000004ee                __vector_37
                0x00000000000004ee                __vector_4
                0x00000000000004ee                __vector_44
                0x00000000000004ee                __vector_2
                0x00000000000004ee                __vector_21
                0x00000000000004ee                __vector_29
                0x00000000000004ee                __vector_40
                0x00000000000004ee                __vector_26
                0x00000000000004ee                __vector_48
                0x00000000000004ee                __vector_14
                0x00000000000004ee                __vector_10
                0x00000000000004ee                __vector_50
                0x00000000000004ee                __vector_16
                0x00000000000004ee                __vector_18
                0x00000000000004ee                __vector_20
                0x00000000000004ee                __vector_42
 .text          0x00000000000004f2      0x2fc bmac_client.o
                0x00000000000004f2                nrk_register_drivers
                0x000000000000050a                nrk_create_taskset
                0x00000000000005c4                tx_task
                0x000000000000078a                main
 .text          0x00000000000007ee      0x86e ../../../src/net/bmac/bmac.o
                0x0000000000000d22                bmac_set_channel
                0x0000000000000d04                bmac_enable
                0x0000000000000f9e                bmac_nw_task
                0x0000000000000efa                bmac_auto_ack_enable
                0x000000000000085a                bmac_rx_pkt_ready
                0x0000000000000a34                _bmac_tx
                0x0000000000000ef0                bmac_addr_decode_disable
                0x000000000000080a                bmac_set_cca_active
                0x00000000000007f6                bmac_tx_reserve_get
                0x0000000000000ed0                bmac_rx_pkt_is_encrypted
                0x0000000000000f04                bmac_auto_ack_disable
                0x0000000000000c3a                bmac_get_tx_done_signal
                0x0000000000000d48                bmac_init
                0x0000000000000832                bmac_tx_pkt_nonblocking
                0x0000000000000e8a                bmac_set_cca_thresh
                0x000000000000090e                bmac_rx_failure_count_get
                0x000000000000092e                _b_pow
                0x0000000000000f72                bmac_rx_pkt_get
                0x0000000000000918                bmac_rx_failure_count_reset
                0x0000000000000a04                _bmac_channel_check
                0x0000000000000902                bmac_started
                0x00000000000007f0                bmac_tx_reserve_set
                0x00000000000007ee                rf_rx_callback
                0x0000000000000c4e                bmac_get_rx_pkt_signal
                0x000000000000086e                bmac_rx_pkt_release
                0x000000000000087a                bmac_set_rx_check_rate
                0x0000000000000d18                bmac_disable
                0x0000000000000c62                bmac_tx_pkt
                0x0000000000000b44                _bmac_rx
                0x0000000000000e94                bmac_set_rf_power
                0x0000000000000eb2                bmac_encryption_enable
                0x00000000000007fc                bmac_addr_decode_dest_mac
                0x0000000000000edc                bmac_addr_decode_set_my_mac
                0x0000000000000954                bmac_task_config
                0x0000000000000ee6                bmac_addr_decode_enable
                0x0000000000000ebc                bmac_encryption_set_key
                0x0000000000000810                bmac_rx_pkt_set_buffer
                0x0000000000000f22                bmac_wait_until_rx_pkt
                0x0000000000000f0e                bmac_encryption_set_ctr_counter
                0x0000000000000ea8                bmac_encryption_disable
 .text          0x000000000000105c      0x382 ../../../src/drivers/platform/firefly2_2/source/ff_basic_sensor.o
                0x00000000000011ec                dev_manager_ff_sensors
                0x00000000000010be                read_voltage_status
                0x000000000000105c                init_adc
                0x0000000000001092                get_adc_val
                0x0000000000001088                delay
 .text          0x00000000000013de       0x3e ../../../src/radio/cc2420/source/hal_rf_set_channel.o
                0x00000000000013de                halRfSetChannel
 .text          0x000000000000141c       0x18 ../../../src/radio/cc2420/source/hal_rf_wait_for_crystal_oscillator.o
                0x000000000000141c                halRfWaitForCrystalOscillator
 .text          0x0000000000001434     0x19e4 ../../../src/radio/cc2420/source/basic_rf.o
                0x0000000000002bd2                rf_set_channel
                0x00000000000021e6                rf_rx_on
                0x00000000000015e0                rf_auto_ack_enable
                0x0000000000002236                rf_tx_power
                0x0000000000001434                set_rf_rx_callback
                0x0000000000002b7e                rf_set_rx
                0x00000000000015aa                rf_addr_decode_disable
                0x0000000000001b9c                rf_data_mode
                0x000000000000166a                rf_rx_check_fifop
                0x0000000000002284                rf_tx_packet
                0x000000000000172a                rf_set_preamble_length
                0x000000000000167c                rf_rx_check_sfd
                0x00000000000014f6                rf_security_enable
                0x0000000000002e06                cc259x_rx
                0x0000000000001690                rf_rx_packet
                0x0000000000001b4c                rf_carrier_off
                0x0000000000001656                rf_busy
                0x000000000000176c                rf_set_cca_mode
                0x0000000000001702                rf_tx_set_serial
                0x00000000000021a6                rf_polling_rx_on
                0x0000000000001cc6                rf_polling_rx_packet
                0x0000000000001b74                rf_carrier_on
                0x0000000000002df4                cc259x_tx
                0x0000000000002b62                rf_power_up
                0x000000000000156a                rf_get_sem
                0x000000000000143e                rf_power_down
                0x0000000000002174                rf_rx_off
                0x00000000000016ae                rf_flush_rx_fifo
                0x0000000000002bf8                rf_init
                0x0000000000001574                rf_addr_decode_enable
                0x0000000000002988                rf_security_set_key
                0x00000000000025e2                rf_tx_tdma_packet
                0x0000000000001468                rf_security_set_ctr_counter
                0x0000000000001c74                rf_set_cca_thresh
                0x00000000000017b8                __vector_8
                0x0000000000002912                rf_addr_decode_set_my_mac
                0x0000000000001542                rf_security_disable
                0x000000000000161c                rf_auto_ack_disable
                0x00000000000016cc                rf_rx_set_serial
                0x0000000000001c06                rf_test_mode
                0x0000000000001460                rf_security_last_pkt_status
 .text          0x0000000000002e18      0xa50 ../../../src/platform/firefly2_2/source/ulib.o
                0x0000000000002ecc                nrk_gpio_set
                0x00000000000035b6                nrk_get_button
                0x00000000000037a6                nrk_kprintf
                0x0000000000002e5e                nrk_uart_data_ready
                0x0000000000003374                nrk_gpio_direction
                0x0000000000003720                getc0
                0x000000000000364a                nrk_led_set
                0x0000000000002e18                getc1
                0x0000000000003162                nrk_gpio_toggle
                0x0000000000002fd6                nrk_gpio_clr
                0x000000000000369a                putc0
                0x000000000000373a                nrk_setup_uart
                0x0000000000003684                nrk_gpio_pullups
                0x00000000000036f2                setup_uart1
                0x0000000000002ebe                nrk_setup_ports
                0x00000000000037cc                __vector_36
                0x00000000000036b4                putc1
                0x0000000000003610                nrk_led_clr
                0x00000000000030ee                nrk_gpio_get
                0x0000000000002e98                PORT_INIT
                0x00000000000036c4                setup_uart0
                0x00000000000035d6                nrk_led_toggle
                0x000000000000378c                nrk_uart_rx_signal_get
 .text          0x0000000000003868        0xe ../../../src/platform/firefly2_2/source/hal_wait.o
                0x0000000000003868                halWait
 .text          0x0000000000003876      0x11c ../../../src/platform/firefly2_2/source/nrk_eeprom.o
                0x0000000000003910                read_eeprom_load_img_pages
                0x000000000000389e                nrk_eeprom_read_byte
                0x000000000000388a                write_eeprom_current_image_checksum
                0x0000000000003956                write_eeprom_load_img_pages
                0x00000000000038aa                read_eeprom_mac_address
                0x000000000000394c                nrk_eeprom_write_byte
                0x000000000000396a                write_eeprom_aes_key
                0x00000000000038fc                read_eeprom_channel
                0x0000000000003924                read_eeprom_aes_key
                0x0000000000003876                read_eeprom_current_image_checksum
 .text          0x0000000000003992      0x460 ../../../src/kernel/source/nrk.o
                0x000000000000399a                nrk_version
                0x0000000000003c92                nrk_init
                0x00000000000039a6                nrk_TCB_init
                0x0000000000003dee                nrk_halt
                0x00000000000039a0                _nrk_timer_tick
                0x0000000000003996                nrk_int_enable
                0x0000000000003bd2                nrk_start
                0x0000000000003992                nrk_int_disable
 .text          0x0000000000003df2        0x0 ../../../src/kernel/source/nrk_stats.o
 .text          0x0000000000003df2      0x44a ../../../src/kernel/source/nrk_error.o
                0x0000000000004224                nrk_error_add
                0x0000000000003e2c                pause
                0x00000000000041a2                nrk_kernel_error_add
                0x0000000000003e6a                blink_dot
                0x0000000000003ea6                blink_morse_code_error
                0x0000000000003e84                blink_dash
                0x0000000000003e0c                nrk_error_get
                0x0000000000003dfe                nrk_errno_get
                0x0000000000003df2                _nrk_errno_set
                0x000000000000400e                nrk_error_print
 .text          0x000000000000423c      0x1e8 ../../../src/kernel/source/nrk_stack_check.o
                0x0000000000004286                dump_stack_info
                0x000000000000423c                nrk_stack_check_pid
                0x00000000000043de                nrk_stack_check
 .text          0x0000000000004424      0x63c ../../../src/kernel/source/nrk_events.o
                0x0000000000004826                nrk_signal_delete
                0x0000000000004746                nrk_event_signal
                0x000000000000469e                nrk_sem_post
                0x00000000000045a8                nrk_sem_create
                0x00000000000049ea                nrk_event_wait
                0x0000000000004666                nrk_sem_query
                0x0000000000004424                nrk_signal_create
                0x0000000000004536                nrk_signal_register
                0x0000000000004942                nrk_sem_pend
                0x0000000000004620                nrk_sem_delete
                0x000000000000449e                nrk_signal_get_registered_mask
                0x00000000000045fe                nrk_get_resource_index
                0x00000000000044b0                nrk_signal_unregister
 .text          0x0000000000004a60      0x666 ../../../src/kernel/source/nrk_task.o
                0x0000000000004c44                _nrk_wait_for_scheduler
                0x0000000000004c36                nrk_get_pid
                0x0000000000004f9e                nrk_wait_until_next_period
                0x0000000000004eca                nrk_wait_ticks
                0x0000000000004d06                nrk_wait_until
                0x0000000000004e04                nrk_set_next_wakeup
                0x0000000000004a84                nrk_add_to_readyQ
                0x0000000000004db6                nrk_wait_until_nw
                0x0000000000004a6e                nrk_print_readyQ
                0x000000000000501a                nrk_activate_task
                0x0000000000004e74                nrk_wait_until_ticks
                0x0000000000004c58                nrk_wait
                0x0000000000004ff6                nrk_terminate_task
                0x0000000000004a60                nrk_get_high_ready_task_ID
                0x0000000000004f38                nrk_wait_until_next_n_periods
                0x0000000000004b92                nrk_rem_from_readyQ
 .text          0x00000000000050c6      0x762 ../../../src/kernel/source/nrk_time.o
                0x00000000000052e2                nrk_time_set
                0x0000000000005772                nrk_time_get
                0x0000000000005304                _nrk_time_to_ticks
                0x000000000000559a                _nrk_time_to_ticks_long
                0x00000000000051e4                nrk_time_compact_nanos
                0x0000000000005228                nrk_time_add
                0x00000000000050c6                nrk_time_sub
                0x00000000000054e2                _nrk_ticks_to_time
 .text          0x0000000000005828       0x48 ../../../src/kernel/source/nrk_idle_task.o
                0x0000000000005828                nrk_idle_task
 .text          0x0000000000005870      0x408 ../../../src/kernel/source/nrk_scheduler.o
                0x0000000000005870                _nrk_scheduler
 .text          0x0000000000005c78      0x232 ../../../src/kernel/source/nrk_driver.o
                0x0000000000005e20                nrk_write
                0x0000000000005cb2                nrk_open
                0x0000000000005d54                nrk_get_status
                0x0000000000005d98                nrk_set_status
                0x0000000000005c78                nrk_register_driver
                0x0000000000005ddc                nrk_read
                0x0000000000005e64                nrk_close
 .text          0x0000000000005eaa        0x0 ../../../src/kernel/source/nrk_reserve.o
 .text          0x0000000000005eaa        0x0 ../../../src/kernel/source/nrk_sw_wdt.o
 .text          0x0000000000005eaa      0x398 ../../../src/kernel/hal/atmega1281/nrk_timer.o
                0x0000000000006140                nrk_high_speed_timer_wait
                0x00000000000060b8                __vector_32
                0x0000000000005f6e                nrk_timer_int_reset
                0x0000000000005f3a                _nrk_os_timer_reset
                0x0000000000006036                _nrk_os_timer_get
                0x0000000000005f60                nrk_timer_int_stop
                0x0000000000005eaa                nrk_spin_wait_us
                0x000000000000603e                __vector_13
                0x0000000000005ec6                _nrk_high_speed_timer_reset
                0x00000000000060a4                __vector_17
                0x00000000000061cc                _nrk_setup_timer
                0x0000000000006114                __vector_default
                0x0000000000005f58                _nrk_set_next_wakeup
                0x0000000000005f86                nrk_timer_int_read
                0x0000000000005eb8                _nrk_high_speed_timer_stop
                0x0000000000005ebe                _nrk_high_speed_timer_start
                0x0000000000005f9a                nrk_timer_int_start
                0x000000000000603e                __vector_15
                0x0000000000005fb0                nrk_timer_int_configure
                0x0000000000005f22                _nrk_os_timer_set
                0x0000000000005ed6                _nrk_high_speed_timer_get
                0x0000000000005f0c                _nrk_os_timer_stop
                0x0000000000005f28                _nrk_os_timer_start
                0x0000000000005f4e                _nrk_get_next_wakeup
 .text          0x0000000000006242       0x54 ../../../src/kernel/hal/atmega1281/nrk_status.o
                0x0000000000006242                _nrk_startup_error
 .text          0x0000000000006296      0x2f2 ../../../src/kernel/hal/atmega1281/nrk_ext_int.o
                0x0000000000006296                nrk_ext_int_enable
                0x00000000000064d0                __vector_1
                0x00000000000063ae                nrk_ext_int_configure
                0x000000000000652c                __vector_9
                0x0000000000006324                nrk_ext_int_disable
 .text          0x0000000000006588       0x54 ../../../src/kernel/hal/atmega1281/nrk_watchdog.o
                0x000000000000659e                nrk_watchdog_disable
                0x00000000000065bc                nrk_watchdog_enable
                0x0000000000006588                nrk_watchdog_check
                0x000000000000659a                nrk_watchdog_reset
 .text          0x00000000000065dc      0x130 ../../../src/kernel/hal/atmega1281/nrk_cpu.o
                0x0000000000006690                nrk_stack_pointer_init
                0x00000000000066ce                nrk_task_set_stk
                0x00000000000065f6                nrk_idle
                0x00000000000065dc                nrk_battery_save
                0x000000000000660c                nrk_task_set_entry_function
                0x00000000000066c4                nrk_target_start
                0x00000000000066b2                nrk_stack_pointer_restore
                0x0000000000006614                nrk_task_stk_init
                0x00000000000065de                nrk_sleep
 .text          0x000000000000670c       0x56 ../../../src/kernel/hal/atmega1281/atmel_hw_specific.o
                0x000000000000670c                nrk_start_high_ready_task
 .text          0x0000000000006762      0x260 /usr/local/lib/gcc/avr/4.2.2/../../../../avr/lib/avr5/libprintf_min.a(vfprintf_min.o)
                0x0000000000006762                vfprintf
 .text          0x00000000000069c2        0x0 /usr/local/lib/gcc/avr/4.2.2/avr5/libgcc.a(_mulsi3.o)
 .text          0x00000000000069c2        0x0 /usr/local/lib/gcc/avr/4.2.2/avr5/libgcc.a(_udivmodhi4.o)
 .text          0x00000000000069c2        0x0 /usr/local/lib/gcc/avr/4.2.2/avr5/libgcc.a(_divmodhi4.o)
 .text          0x00000000000069c2        0x0 /usr/local/lib/gcc/avr/4.2.2/avr5/libgcc.a(_udivmodsi4.o)
 .text          0x00000000000069c2        0x0 /usr/local/lib/gcc/avr/4.2.2/avr5/libgcc.a(_prologue.o)
 .text          0x00000000000069c2        0x0 /usr/local/lib/gcc/avr/4.2.2/avr5/libgcc.a(_epilogue.o)
 .text          0x00000000000069c2        0x0 /usr/local/lib/gcc/avr/4.2.2/avr5/libgcc.a(_exit.o)
 .text          0x00000000000069c2        0x0 /usr/local/lib/gcc/avr/4.2.2/avr5/libgcc.a(_clear_bss.o)
 .text          0x00000000000069c2      0xd1a /usr/local/lib/gcc/avr/4.2.2/avr5/libgcc.a(_udivdi3.o)
                0x00000000000069c2                __udivdi3
 .text          0x00000000000076dc        0x0 /usr/local/lib/gcc/avr/4.2.2/avr5/libgcc.a(_clz.o)
 .text          0x00000000000076dc       0xce /usr/local/lib/gcc/avr/4.2.2/../../../../avr/lib/avr5/libc.a(rand.o)
                0x0000000000007784                rand_r
                0x000000000000778a                rand
                0x0000000000007794                srand
 .text          0x00000000000077aa       0x16 /usr/local/lib/gcc/avr/4.2.2/../../../../avr/lib/avr5/libc.a(strchr_P.o)
                0x00000000000077aa                strchr_P
 .text          0x00000000000077c0       0x9c /usr/local/lib/gcc/avr/4.2.2/../../../../avr/lib/avr5/libc.a(fdevopen.o)
                0x00000000000077c0                fdevopen
 .text          0x000000000000785c       0x5a /usr/local/lib/gcc/avr/4.2.2/../../../../avr/lib/avr5/libc.a(fputc.o)
                0x000000000000785c                fputc
 .text          0x00000000000078b6        0x0 /usr/local/lib/gcc/avr/4.2.2/../../../../avr/lib/avr5/libc.a(iob.o)
 .text          0x00000000000078b6       0x2e /usr/local/lib/gcc/avr/4.2.2/../../../../avr/lib/avr5/libc.a(printf.o)
                0x00000000000078b6                printf
 .text          0x00000000000078e4       0x4a /usr/local/lib/gcc/avr/4.2.2/../../../../avr/lib/avr5/libc.a(sprintf.o)
                0x00000000000078e4                sprintf
 .text          0x000000000000792e       0xbc /usr/local/lib/gcc/avr/4.2.2/../../../../avr/lib/avr5/libc.a(ultoa_invert.o)
                0x000000000000792e                __ultoa_invert
 .text          0x00000000000079ea        0x0 /usr/local/lib/gcc/avr/4.2.2/../../../../avr/lib/avr5/libc.a(ee_rb.1F2021.o)
 .text          0x00000000000079ea        0x0 /usr/local/lib/gcc/avr/4.2.2/../../../../avr/lib/avr5/libc.a(ee_wb.1F2021.o)
 .text          0x00000000000079ea       0x38 /usr/local/lib/gcc/avr/4.2.2/../../../../avr/lib/avr5/libc.a(calloc.o)
                0x00000000000079ea                calloc
 .text          0x0000000000007a22      0x1fc /usr/local/lib/gcc/avr/4.2.2/../../../../avr/lib/avr5/libc.a(malloc.o)
                0x0000000000007a22                malloc
                0x0000000000007b72                free
 .text          0x0000000000007c1e        0xe /usr/local/lib/gcc/avr/4.2.2/../../../../avr/lib/avr5/libc.a(memset.o)
                0x0000000000007c1e                memset
 .text          0x0000000000007c2c        0x0 /usr/local/lib/gcc/avr/4.2.2/avr5/libgcc.a(_divmodsi4.o)
                0x0000000000007c2c                . = ALIGN (0x2)
 *(.text.*)
 .text.libgcc   0x0000000000007c2c       0x3e /usr/local/lib/gcc/avr/4.2.2/avr5/libgcc.a(_mulsi3.o)
                0x0000000000007c2c                __mulsi3
 .text.libgcc   0x0000000000007c6a       0x28 /usr/local/lib/gcc/avr/4.2.2/avr5/libgcc.a(_udivmodhi4.o)
                0x0000000000007c6a                __udivmodhi4
 .text.libgcc   0x0000000000007c92       0x26 /usr/local/lib/gcc/avr/4.2.2/avr5/libgcc.a(_divmodhi4.o)
                0x0000000000007c92                __divmodhi4
                0x0000000000007c92                _div
 .text.libgcc   0x0000000000007cb8       0x44 /usr/local/lib/gcc/avr/4.2.2/avr5/libgcc.a(_udivmodsi4.o)
                0x0000000000007cb8                __udivmodsi4
 .text.libgcc   0x0000000000007cfc       0x38 /usr/local/lib/gcc/avr/4.2.2/avr5/libgcc.a(_prologue.o)
                0x0000000000007cfc                __prologue_saves__
 .text.libgcc   0x0000000000007d34       0x36 /usr/local/lib/gcc/avr/4.2.2/avr5/libgcc.a(_epilogue.o)
                0x0000000000007d34                __epilogue_restores__
 .text.libgcc   0x0000000000007d6a        0x0 /usr/local/lib/gcc/avr/4.2.2/avr5/libgcc.a(_exit.o)
 .text.libgcc   0x0000000000007d6a        0x0 /usr/local/lib/gcc/avr/4.2.2/avr5/libgcc.a(_clear_bss.o)
 .text.eeprom   0x0000000000007d6a       0x10 /usr/local/lib/gcc/avr/4.2.2/../../../../avr/lib/avr5/libc.a(ee_rb.1F2021.o)
                0x0000000000007d6a                __eeprom_read_byte_1F2021
 .text.eeprom   0x0000000000007d7a       0x18 /usr/local/lib/gcc/avr/4.2.2/../../../../avr/lib/avr5/libc.a(ee_wb.1F2021.o)
                0x0000000000007d7a                __eeprom_write_byte_1F2021
 .text.libgcc   0x0000000000007d92       0x36 /usr/local/lib/gcc/avr/4.2.2/avr5/libgcc.a(_divmodsi4.o)
                0x0000000000007d92                __divmodsi4
                0x0000000000007dc8                . = ALIGN (0x2)
 *(.fini9)
 .fini9         0x0000000000007dc8        0x0 /usr/local/lib/gcc/avr/4.2.2/avr5/libgcc.a(_exit.o)
                0x0000000000007dc8                exit
                0x0000000000007dc8                _exit
 *(.fini9)
 *(.fini8)
 *(.fini8)
 *(.fini7)
 *(.fini7)
 *(.fini6)
 *(.fini6)
 *(.fini5)
 *(.fini5)
 *(.fini4)
 *(.fini4)
 *(.fini3)
 *(.fini3)
 *(.fini2)
 *(.fini2)
 *(.fini1)
 *(.fini1)
 *(.fini0)
 .fini0         0x0000000000007dc8        0x2 /usr/local/lib/gcc/avr/4.2.2/avr5/libgcc.a(_exit.o)
 *(.fini0)
                0x0000000000007dca                _etext = .

.data           0x0000000000800200      0x1a8 load address 0x0000000000007dca
                0x0000000000800200                PROVIDE (__data_start, .)
 *(.data)
 .data          0x0000000000800200        0x0 /usr/local/lib/gcc/avr/4.2.2/../../../../avr/lib/avr5/crtm1281.o
 .data          0x0000000000800200       0x2b bmac_client.o
 .data          0x000000000080022b        0x0 ../../../src/net/bmac/bmac.o
 .data          0x000000000080022b        0x0 ../../../src/drivers/platform/firefly2_2/source/ff_basic_sensor.o
 .data          0x000000000080022b        0x0 ../../../src/radio/cc2420/source/hal_rf_set_channel.o
 .data          0x000000000080022b        0x0 ../../../src/radio/cc2420/source/hal_rf_wait_for_crystal_oscillator.o
 .data          0x000000000080022b        0x0 ../../../src/radio/cc2420/source/basic_rf.o
 .data          0x000000000080022b       0x21 ../../../src/platform/firefly2_2/source/ulib.o
                0x000000000080023e                NRK_LED_0
                0x0000000000800243                NRK_FIFOP
                0x000000000080023b                NRK_SFD
                0x0000000000800237                NRK_DEBUG_3
                0x000000000080023f                NRK_LED_1
                0x0000000000800249                NRK_ADC_INPUT_5
                0x0000000000800245                NRK_ADC_INPUT_1
                0x000000000080023d                NRK_UART0_TXD
                0x0000000000800240                NRK_LED_2
                0x000000000080022d                NRK_BUTTON
                0x0000000000800244                NRK_ADC_INPUT_0
                0x000000000080022c                NRK_DEBUG_1
                0x0000000000800242                NRK_GPIO34
                0x000000000080023a                NRK_CCA
                0x000000000080024a                NRK_ADC_INPUT_6
                0x000000000080022b                NRK_DEBUG_0
                0x0000000000800247                NRK_ADC_INPUT_3
                0x0000000000800232                NRK_GPIO26
                0x0000000000800231                NRK_MISO
                0x0000000000800233                NRK_MMC_11
                0x0000000000800230                NRK_MOSI
                0x0000000000800248                NRK_ADC_INPUT_4
                0x0000000000800239                NRK_UART1_TXD
                0x000000000080023c                NRK_UART0_RXD
                0x000000000080024b                NRK_ADC_INPUT_7
                0x0000000000800236                NRK_DEBUG_2
                0x0000000000800235                NRK_MMC_9
                0x0000000000800241                NRK_LED_3
                0x000000000080022e                NRK_SPI_SS
                0x0000000000800234                NRK_MMC_10
                0x0000000000800238                NRK_UART1_RXD
                0x0000000000800246                NRK_ADC_INPUT_2
                0x000000000080022f                NRK_SCK
 .data          0x000000000080024c        0x0 ../../../src/platform/firefly2_2/source/hal_wait.o
 .data          0x000000000080024c        0x0 ../../../src/platform/firefly2_2/source/nrk_eeprom.o
 .data          0x000000000080024c        0x0 ../../../src/kernel/source/nrk.o
 .data          0x000000000080024c        0x0 ../../../src/kernel/source/nrk_stats.o
 .data          0x000000000080024c        0x3 ../../../src/kernel/source/nrk_error.o
 .data          0x000000000080024f       0x4e ../../../src/kernel/source/nrk_stack_check.o
 .data          0x000000000080029d        0x0 ../../../src/kernel/source/nrk_events.o
 .data          0x000000000080029d        0x0 ../../../src/kernel/source/nrk_task.o
 .data          0x000000000080029d        0x0 ../../../src/kernel/source/nrk_time.o
 .data          0x000000000080029d        0x0 ../../../src/kernel/source/nrk_idle_task.o
 .data          0x000000000080029d        0x0 ../../../src/kernel/source/nrk_scheduler.o
 .data          0x000000000080029d        0x0 ../../../src/kernel/source/nrk_driver.o
 .data          0x000000000080029d        0x0 ../../../src/kernel/source/nrk_reserve.o
 .data          0x000000000080029d        0x0 ../../../src/kernel/source/nrk_sw_wdt.o
 .data          0x000000000080029d        0x0 ../../../src/kernel/hal/atmega1281/nrk_timer.o
 .data          0x000000000080029d        0x0 ../../../src/kernel/hal/atmega1281/nrk_status.o
 .data          0x000000000080029d        0x0 ../../../src/kernel/hal/atmega1281/nrk_ext_int.o
 .data          0x000000000080029d        0x0 ../../../src/kernel/hal/atmega1281/nrk_watchdog.o
 .data          0x000000000080029d        0x0 ../../../src/kernel/hal/atmega1281/nrk_cpu.o
 .data          0x000000000080029d        0x0 ../../../src/kernel/hal/atmega1281/atmel_hw_specific.o
 .data          0x000000000080029d        0x0 /usr/local/lib/gcc/avr/4.2.2/../../../../avr/lib/avr5/libprintf_min.a(vfprintf_min.o)
 .data          0x000000000080029d        0x0 /usr/local/lib/gcc/avr/4.2.2/avr5/libgcc.a(_mulsi3.o)
 .data          0x000000000080029d        0x0 /usr/local/lib/gcc/avr/4.2.2/avr5/libgcc.a(_udivmodhi4.o)
 .data          0x000000000080029d        0x0 /usr/local/lib/gcc/avr/4.2.2/avr5/libgcc.a(_divmodhi4.o)
 .data          0x000000000080029d        0x0 /usr/local/lib/gcc/avr/4.2.2/avr5/libgcc.a(_udivmodsi4.o)
 .data          0x000000000080029d        0x0 /usr/local/lib/gcc/avr/4.2.2/avr5/libgcc.a(_prologue.o)
 .data          0x000000000080029d        0x0 /usr/local/lib/gcc/avr/4.2.2/avr5/libgcc.a(_epilogue.o)
 .data          0x000000000080029d        0x0 /usr/local/lib/gcc/avr/4.2.2/avr5/libgcc.a(_exit.o)
 .data          0x000000000080029d        0x0 /usr/local/lib/gcc/avr/4.2.2/avr5/libgcc.a(_clear_bss.o)
 .data          0x000000000080029d        0x0 /usr/local/lib/gcc/avr/4.2.2/avr5/libgcc.a(_udivdi3.o)
 .data          0x000000000080029d      0x100 /usr/local/lib/gcc/avr/4.2.2/avr5/libgcc.a(_clz.o)
                0x000000000080029d                __clz_tab
 .data          0x000000000080039d        0x4 /usr/local/lib/gcc/avr/4.2.2/../../../../avr/lib/avr5/libc.a(rand.o)
 .data          0x00000000008003a1        0x0 /usr/local/lib/gcc/avr/4.2.2/../../../../avr/lib/avr5/libc.a(strchr_P.o)
 .data          0x00000000008003a1        0x0 /usr/local/lib/gcc/avr/4.2.2/../../../../avr/lib/avr5/libc.a(fdevopen.o)
 .data          0x00000000008003a1        0x0 /usr/local/lib/gcc/avr/4.2.2/../../../../avr/lib/avr5/libc.a(fputc.o)
 .data          0x00000000008003a1        0x0 /usr/local/lib/gcc/avr/4.2.2/../../../../avr/lib/avr5/libc.a(iob.o)
 .data          0x00000000008003a1        0x0 /usr/local/lib/gcc/avr/4.2.2/../../../../avr/lib/avr5/libc.a(printf.o)
 .data          0x00000000008003a1        0x0 /usr/local/lib/gcc/avr/4.2.2/../../../../avr/lib/avr5/libc.a(sprintf.o)
 .data          0x00000000008003a1        0x0 /usr/local/lib/gcc/avr/4.2.2/../../../../avr/lib/avr5/libc.a(ultoa_invert.o)
 .data          0x00000000008003a1        0x0 /usr/local/lib/gcc/avr/4.2.2/../../../../avr/lib/avr5/libc.a(ee_rb.1F2021.o)
 .data          0x00000000008003a1        0x0 /usr/local/lib/gcc/avr/4.2.2/../../../../avr/lib/avr5/libc.a(ee_wb.1F2021.o)
 .data          0x00000000008003a1        0x0 /usr/local/lib/gcc/avr/4.2.2/../../../../avr/lib/avr5/libc.a(calloc.o)
 .data          0x00000000008003a1        0x6 /usr/local/lib/gcc/avr/4.2.2/../../../../avr/lib/avr5/libc.a(malloc.o)
                0x00000000008003a3                __malloc_heap_start
                0x00000000008003a5                __malloc_heap_end
                0x00000000008003a1                __malloc_margin
 .data          0x00000000008003a7        0x0 /usr/local/lib/gcc/avr/4.2.2/../../../../avr/lib/avr5/libc.a(memset.o)
 .data          0x00000000008003a7        0x0 /usr/local/lib/gcc/avr/4.2.2/avr5/libgcc.a(_divmodsi4.o)
 *(.data*)
 *(.rodata)
 *(.rodata*)
 *(.gnu.linkonce.d*)
                0x00000000008003a8                . = ALIGN (0x2)
 *fill*         0x00000000008003a7        0x1 00
                0x00000000008003a8                _edata = .
                0x00000000008003a8                PROVIDE (__data_end, .)

.bss            0x00000000008003a8      0x3f4 load address 0x0000000000007f72
                0x00000000008003a8                PROVIDE (__bss_start, .)
 *(.bss)
 .bss           0x00000000008003a8        0x0 /usr/local/lib/gcc/avr/4.2.2/../../../../avr/lib/avr5/crtm1281.o
 .bss           0x00000000008003a8        0x0 bmac_client.o
 .bss           0x00000000008003a8       0xb7 ../../../src/net/bmac/bmac.o
 .bss           0x000000000080045f        0x0 ../../../src/drivers/platform/firefly2_2/source/ff_basic_sensor.o
 .bss           0x000000000080045f        0x0 ../../../src/radio/cc2420/source/hal_rf_set_channel.o
 .bss           0x000000000080045f        0x0 ../../../src/radio/cc2420/source/hal_rf_wait_for_crystal_oscillator.o
 .bss           0x000000000080045f        0x2 ../../../src/radio/cc2420/source/basic_rf.o
                0x000000000080045f                _rf_rx_callback
 .bss           0x0000000000800461       0x13 ../../../src/platform/firefly2_2/source/ulib.o
 .bss           0x0000000000800474        0x0 ../../../src/platform/firefly2_2/source/hal_wait.o
 .bss           0x0000000000800474        0x0 ../../../src/platform/firefly2_2/source/nrk_eeprom.o
 .bss           0x0000000000800474        0x0 ../../../src/kernel/source/nrk.o
 .bss           0x0000000000800474        0x0 ../../../src/kernel/source/nrk_stats.o
 .bss           0x0000000000800474        0x0 ../../../src/kernel/source/nrk_error.o
 .bss           0x0000000000800474        0x0 ../../../src/kernel/source/nrk_stack_check.o
 .bss           0x0000000000800474        0x0 ../../../src/kernel/source/nrk_events.o
 .bss           0x0000000000800474        0x0 ../../../src/kernel/source/nrk_task.o
 .bss           0x0000000000800474        0x0 ../../../src/kernel/source/nrk_time.o
 .bss           0x0000000000800474        0x0 ../../../src/kernel/source/nrk_idle_task.o
 .bss           0x0000000000800474        0x0 ../../../src/kernel/source/nrk_scheduler.o
 .bss           0x0000000000800474        0x0 ../../../src/kernel/source/nrk_driver.o
 .bss           0x0000000000800474        0x0 ../../../src/kernel/source/nrk_reserve.o
 .bss           0x0000000000800474        0x0 ../../../src/kernel/source/nrk_sw_wdt.o
 .bss           0x0000000000800474        0x0 ../../../src/kernel/hal/atmega1281/nrk_timer.o
 .bss           0x0000000000800474        0x0 ../../../src/kernel/hal/atmega1281/nrk_status.o
 .bss           0x0000000000800474        0x0 ../../../src/kernel/hal/atmega1281/nrk_ext_int.o
 .bss           0x0000000000800474        0x0 ../../../src/kernel/hal/atmega1281/nrk_watchdog.o
 .bss           0x0000000000800474        0x0 ../../../src/kernel/hal/atmega1281/nrk_cpu.o
 .bss           0x0000000000800474        0x0 ../../../src/kernel/hal/atmega1281/atmel_hw_specific.o
 .bss           0x0000000000800474        0x0 /usr/local/lib/gcc/avr/4.2.2/../../../../avr/lib/avr5/libprintf_min.a(vfprintf_min.o)
 .bss           0x0000000000800474        0x0 /usr/local/lib/gcc/avr/4.2.2/avr5/libgcc.a(_mulsi3.o)
 .bss           0x0000000000800474        0x0 /usr/local/lib/gcc/avr/4.2.2/avr5/libgcc.a(_udivmodhi4.o)
 .bss           0x0000000000800474        0x0 /usr/local/lib/gcc/avr/4.2.2/avr5/libgcc.a(_divmodhi4.o)
 .bss           0x0000000000800474        0x0 /usr/local/lib/gcc/avr/4.2.2/avr5/libgcc.a(_udivmodsi4.o)
 .bss           0x0000000000800474        0x0 /usr/local/lib/gcc/avr/4.2.2/avr5/libgcc.a(_prologue.o)
 .bss           0x0000000000800474        0x0 /usr/local/lib/gcc/avr/4.2.2/avr5/libgcc.a(_epilogue.o)
 .bss           0x0000000000800474        0x0 /usr/local/lib/gcc/avr/4.2.2/avr5/libgcc.a(_exit.o)
 .bss           0x0000000000800474        0x0 /usr/local/lib/gcc/avr/4.2.2/avr5/libgcc.a(_clear_bss.o)
 .bss           0x0000000000800474        0x0 /usr/local/lib/gcc/avr/4.2.2/avr5/libgcc.a(_udivdi3.o)
 .bss           0x0000000000800474        0x0 /usr/local/lib/gcc/avr/4.2.2/avr5/libgcc.a(_clz.o)
 .bss           0x0000000000800474        0x0 /usr/local/lib/gcc/avr/4.2.2/../../../../avr/lib/avr5/libc.a(rand.o)
 .bss           0x0000000000800474        0x0 /usr/local/lib/gcc/avr/4.2.2/../../../../avr/lib/avr5/libc.a(strchr_P.o)
 .bss           0x0000000000800474        0x0 /usr/local/lib/gcc/avr/4.2.2/../../../../avr/lib/avr5/libc.a(fdevopen.o)
 .bss           0x0000000000800474        0x0 /usr/local/lib/gcc/avr/4.2.2/../../../../avr/lib/avr5/libc.a(fputc.o)
 .bss           0x0000000000800474        0x0 /usr/local/lib/gcc/avr/4.2.2/../../../../avr/lib/avr5/libc.a(iob.o)
 .bss           0x0000000000800474        0x0 /usr/local/lib/gcc/avr/4.2.2/../../../../avr/lib/avr5/libc.a(printf.o)
 .bss           0x0000000000800474        0x0 /usr/local/lib/gcc/avr/4.2.2/../../../../avr/lib/avr5/libc.a(sprintf.o)
 .bss           0x0000000000800474        0x0 /usr/local/lib/gcc/avr/4.2.2/../../../../avr/lib/avr5/libc.a(ultoa_invert.o)
 .bss           0x0000000000800474        0x0 /usr/local/lib/gcc/avr/4.2.2/../../../../avr/lib/avr5/libc.a(ee_rb.1F2021.o)
 .bss           0x0000000000800474        0x0 /usr/local/lib/gcc/avr/4.2.2/../../../../avr/lib/avr5/libc.a(ee_wb.1F2021.o)
 .bss           0x0000000000800474        0x0 /usr/local/lib/gcc/avr/4.2.2/../../../../avr/lib/avr5/libc.a(calloc.o)
 .bss           0x0000000000800474        0x0 /usr/local/lib/gcc/avr/4.2.2/../../../../avr/lib/avr5/libc.a(malloc.o)
 .bss           0x0000000000800474        0x0 /usr/local/lib/gcc/avr/4.2.2/../../../../avr/lib/avr5/libc.a(memset.o)
 .bss           0x0000000000800474        0x0 /usr/local/lib/gcc/avr/4.2.2/avr5/libgcc.a(_divmodsi4.o)
 *(.bss*)
 *(COMMON)
 COMMON         0x0000000000800474      0x232 bmac_client.o
                0x0000000000800474                tx_task_stack
                0x0000000000800574                error_task
                0x0000000000800575                bmac_enable_signal
                0x0000000000800576                bmac_rfTxInfo
                0x000000000080057d                _nrk_signal_list
                0x0000000000800581                bmac_rx_pkt_signal
                0x0000000000800582                nrk_kernel_stk_ptr
                0x0000000000800584                tx_buf
                0x00000000008005f8                TX_TASK
                0x000000000080061b                bmac_rfRxInfo
                0x0000000000800624                error_num
                0x0000000000800625                nrk_idle_task_stk
                0x00000000008006a5                bmac_tx_pkt_done_signal
 COMMON         0x00000000008006a6        0x5 ../../../src/net/bmac/bmac.o
                0x00000000008006a6                app_timer0_callback
                0x00000000008006a8                _nrk_time_trigger
                0x00000000008006a9                app_timer0_prescale
                0x00000000008006aa                _nrk_prev_timer_val
 COMMON         0x00000000008006ab        0x2 ../../../src/drivers/platform/firefly2_2/source/ff_basic_sensor.o
                0x00000000008006ab                is_open
                0x00000000008006ac                channel
 COMMON         0x00000000008006ad       0x1b ../../../src/radio/cc2420/source/basic_rf.o
                0x00000000008006ad                rx_ctr
                0x00000000008006b1                radio_sem
                0x00000000008006b3                security_enable
                0x00000000008006b4                mdmctrl0
                0x00000000008006b6                rfSettings
                0x00000000008006bf                tmp_blah
                0x00000000008006c1                auto_ack_enable
                0x00000000008006c2                last_pkt_encrypted
                0x00000000008006c3                tx_ctr
                0x00000000008006c7                rx_ready
 COMMON         0x00000000008006c8       0xbb ../../../src/kernel/source/nrk.o
                0x00000000008006c8                _free_node
                0x00000000008006ca                nrk_task_TCB
                0x000000000080074e                next_next_wakeup
                0x0000000000800750                nrk_sem_list
                0x0000000000800756                nrk_task_init_cnt
                0x0000000000800757                nrk_wakeup_signal
                0x0000000000800758                nrk_high_ready_TCB
                0x000000000080075a                nrk_cur_task_prio
                0x000000000080075b                _nrk_cpu_state
                0x000000000080075c                _head_node
                0x000000000080075e                nrk_system_time
                0x0000000000800766                _nrk_resource_cnt
                0x0000000000800767                nrk_cur_task_TCB
                0x0000000000800769                nrk_high_ready_prio
                0x000000000080076a                _nrk_readyQ
 COMMON         0x0000000000800783        0x1 ../../../src/kernel/source/nrk_scheduler.o
                0x0000000000800783                t
 COMMON         0x0000000000800784        0x6 ../../../src/kernel/source/nrk_driver.o
                0x0000000000800784                _nrk_driver_count
                0x0000000000800785                nrk_drivers
                0x0000000000800789                nrk_driver_init
 COMMON         0x000000000080078a        0x8 ../../../src/kernel/hal/atmega1281/nrk_ext_int.o
                0x000000000080078a                ext_int1_callback
                0x000000000080078c                ext_int0_callback
                0x000000000080078e                ext_int2_callback
                0x0000000000800790                pc_int0_callback
 COMMON         0x0000000000800792        0x6 /usr/local/lib/gcc/avr/4.2.2/../../../../avr/lib/avr5/libc.a(iob.o)
                0x0000000000800792                __iob
 COMMON         0x0000000000800798        0x4 /usr/local/lib/gcc/avr/4.2.2/../../../../avr/lib/avr5/libc.a(malloc.o)
                0x0000000000800798                __brkval
                0x000000000080079a                __flp
                0x000000000080079c                PROVIDE (__bss_end, .)
                0x0000000000007dca                __data_load_start = LOADADDR (.data)
                0x0000000000007f72                __data_load_end = (__data_load_start + SIZEOF (.data))

.noinit         0x000000000080079c        0x0
                0x000000000080079c                PROVIDE (__noinit_start, .)
 *(.noinit*)
                0x000000000080079c                PROVIDE (__noinit_end, .)
                0x000000000080079c                _end = .
                0x000000000080079c                PROVIDE (__heap_start, .)

.eeprom         0x0000000000810000        0x0
 *(.eeprom*)
                0x0000000000810000                __eeprom_end = .

.stab           0x0000000000000000    0x11598
 *(.stab)
 .stab          0x0000000000000000      0x414 /usr/local/lib/gcc/avr/4.2.2/../../../../avr/lib/avr5/crtm1281.o
 .stab          0x0000000000000414      0xac8 bmac_client.o
                                        0xad4 (size before relaxing)
 .stab          0x0000000000000edc     0x1938 ../../../src/net/bmac/bmac.o
                                       0x1c98 (size before relaxing)
 .stab          0x0000000000002814      0x870 ../../../src/drivers/platform/firefly2_2/source/ff_basic_sensor.o
                                        0xc90 (size before relaxing)
 .stab          0x0000000000003084      0x21c ../../../src/radio/cc2420/source/hal_rf_set_channel.o
                                        0x534 (size before relaxing)
 .stab          0x00000000000032a0      0x21c ../../../src/radio/cc2420/source/hal_rf_wait_for_crystal_oscillator.o
                                        0x534 (size before relaxing)
 .stab          0x00000000000034bc     0x2364 ../../../src/radio/cc2420/source/basic_rf.o
                                       0x2730 (size before relaxing)
 .stab          0x0000000000005820     0x1170 ../../../src/platform/firefly2_2/source/ulib.o
                                       0x14dc (size before relaxing)
 .stab          0x0000000000006990      0x204 ../../../src/platform/firefly2_2/source/hal_wait.o
                                        0x51c (size before relaxing)
 .stab          0x0000000000006b94      0xb28 ../../../src/platform/firefly2_2/source/nrk_eeprom.o
                                        0xe4c (size before relaxing)
 .stab          0x00000000000076bc      0x900 ../../../src/kernel/source/nrk.o
                                        0xce4 (size before relaxing)
 .stab          0x0000000000007fbc      0x288 ../../../src/kernel/source/nrk_stats.o
                                        0x684 (size before relaxing)
 .stab          0x0000000000008244      0xb70 ../../../src/kernel/source/nrk_error.o
                                        0xf78 (size before relaxing)
 .stab          0x0000000000008db4      0x438 ../../../src/kernel/source/nrk_stack_check.o
                                        0x834 (size before relaxing)
 .stab          0x00000000000091ec      0xd5c ../../../src/kernel/source/nrk_events.o
                                       0x1134 (size before relaxing)
 .stab          0x0000000000009f48      0xf6c ../../../src/kernel/source/nrk_task.o
                                       0x1344 (size before relaxing)
 .stab          0x000000000000aeb4      0x6cc ../../../src/kernel/source/nrk_time.o
                                        0xaa4 (size before relaxing)
 .stab          0x000000000000b580      0x2f4 ../../../src/kernel/source/nrk_idle_task.o
                                        0x708 (size before relaxing)
 .stab          0x000000000000b874      0x6f0 ../../../src/kernel/source/nrk_scheduler.o
                                        0xac8 (size before relaxing)
 .stab          0x000000000000bf64      0x6a8 ../../../src/kernel/source/nrk_driver.o
                                        0xaa4 (size before relaxing)
 .stab          0x000000000000c60c       0xe4 ../../../src/kernel/source/nrk_reserve.o
                                         0xf0 (size before relaxing)
 .stab          0x000000000000c6f0      0x1e0 ../../../src/kernel/source/nrk_sw_wdt.o
                                        0x5a0 (size before relaxing)
 .stab          0x000000000000c8d0      0xca8 ../../../src/kernel/hal/atmega1281/nrk_timer.o
                                        0xff0 (size before relaxing)
 .stab          0x000000000000d578      0x2b8 ../../../src/kernel/hal/atmega1281/nrk_status.o
                                        0x5e8 (size before relaxing)
 .stab          0x000000000000d830      0x618 ../../../src/kernel/hal/atmega1281/nrk_ext_int.o
                                        0x948 (size before relaxing)
 .stab          0x000000000000de48      0x384 ../../../src/kernel/hal/atmega1281/nrk_watchdog.o
                                        0x738 (size before relaxing)
 .stab          0x000000000000e1cc      0x6f0 ../../../src/kernel/hal/atmega1281/nrk_cpu.o
                                        0xabc (size before relaxing)
 .stab          0x000000000000e8bc      0x204 ../../../src/kernel/hal/atmega1281/atmel_hw_specific.o
                                        0x210 (size before relaxing)
 .stab          0x000000000000eac0      0x7e0 /usr/local/lib/gcc/avr/4.2.2/../../../../avr/lib/avr5/libprintf_min.a(vfprintf_min.o)
                                        0x840 (size before relaxing)
 .stab          0x000000000000f2a0      0x840 /usr/local/lib/gcc/avr/4.2.2/avr5/libgcc.a(_udivdi3.o)
                                        0x84c (size before relaxing)
 .stab          0x000000000000fae0      0x138 /usr/local/lib/gcc/avr/4.2.2/avr5/libgcc.a(_clz.o)
                                        0x27c (size before relaxing)
 .stab          0x000000000000fc18      0x2f4 /usr/local/lib/gcc/avr/4.2.2/../../../../avr/lib/avr5/libc.a(rand.o)
                                        0x330 (size before relaxing)
 .stab          0x000000000000ff0c       0x9c /usr/local/lib/gcc/avr/4.2.2/../../../../avr/lib/avr5/libc.a(strchr_P.o)
                                         0xa8 (size before relaxing)
 .stab          0x000000000000ffa8      0x27c /usr/local/lib/gcc/avr/4.2.2/../../../../avr/lib/avr5/libc.a(fdevopen.o)
                                        0x4a4 (size before relaxing)
 .stab          0x0000000000010224      0x1d4 /usr/local/lib/gcc/avr/4.2.2/../../../../avr/lib/avr5/libc.a(fputc.o)
                                        0x3b4 (size before relaxing)
 .stab          0x00000000000103f8      0x12c /usr/local/lib/gcc/avr/4.2.2/../../../../avr/lib/avr5/libc.a(iob.o)
                                        0x30c (size before relaxing)
 .stab          0x0000000000010524      0x1b0 /usr/local/lib/gcc/avr/4.2.2/../../../../avr/lib/avr5/libc.a(printf.o)
                                        0x390 (size before relaxing)
 .stab          0x00000000000106d4      0x1f8 /usr/local/lib/gcc/avr/4.2.2/../../../../avr/lib/avr5/libc.a(sprintf.o)
                                        0x3d8 (size before relaxing)
 .stab          0x00000000000108cc      0x480 /usr/local/lib/gcc/avr/4.2.2/../../../../avr/lib/avr5/libc.a(ultoa_invert.o)
                                        0x48c (size before relaxing)
 .stab          0x0000000000010d4c       0x78 /usr/local/lib/gcc/avr/4.2.2/../../../../avr/lib/avr5/libc.a(ee_rb.1F2021.o)
                                         0x84 (size before relaxing)
 .stab          0x0000000000010dc4       0xa8 /usr/local/lib/gcc/avr/4.2.2/../../../../avr/lib/avr5/libc.a(ee_wb.1F2021.o)
                                         0xb4 (size before relaxing)
 .stab          0x0000000000010e6c      0x198 /usr/local/lib/gcc/avr/4.2.2/../../../../avr/lib/avr5/libc.a(calloc.o)
                                        0x1f8 (size before relaxing)
 .stab          0x0000000000011004      0x528 /usr/local/lib/gcc/avr/4.2.2/../../../../avr/lib/avr5/libc.a(malloc.o)
                                        0x708 (size before relaxing)
 .stab          0x000000000001152c       0x6c /usr/local/lib/gcc/avr/4.2.2/../../../../avr/lib/avr5/libc.a(memset.o)
                                         0x78 (size before relaxing)

.stabstr        0x0000000000000000     0x9366
 *(.stabstr)
 .stabstr       0x0000000000000000     0x9366 /usr/local/lib/gcc/avr/4.2.2/../../../../avr/lib/avr5/crtm1281.o

.stab.excl
 *(.stab.excl)

.stab.exclstr
 *(.stab.exclstr)

.stab.index
 *(.stab.index)

.stab.indexstr
 *(.stab.indexstr)

.comment
 *(.comment)

.debug
 *(.debug)

.line
 *(.line)

.debug_srcinfo
 *(.debug_srcinfo)

.debug_sfnames
 *(.debug_sfnames)

.debug_aranges
 *(.debug_aranges)

.debug_pubnames
 *(.debug_pubnames)

.debug_info
 *(.debug_info)
 *(.gnu.linkonce.wi.*)

.debug_abbrev
 *(.debug_abbrev)

.debug_line
 *(.debug_line)

.debug_frame
 *(.debug_frame)

.debug_str
 *(.debug_str)

.debug_loc
 *(.debug_loc)

.debug_macinfo
 *(.debug_macinfo)
OUTPUT(bmac_client.elf elf32-avr)
LOAD linker stubs

Cross Reference Table

Symbol                                            File
NRK_ADC_INPUT_0                                   ../../../src/platform/firefly2_2/source/ulib.o
NRK_ADC_INPUT_1                                   ../../../src/platform/firefly2_2/source/ulib.o
NRK_ADC_INPUT_2                                   ../../../src/platform/firefly2_2/source/ulib.o
NRK_ADC_INPUT_3                                   ../../../src/platform/firefly2_2/source/ulib.o
NRK_ADC_INPUT_4                                   ../../../src/platform/firefly2_2/source/ulib.o
NRK_ADC_INPUT_5                                   ../../../src/platform/firefly2_2/source/ulib.o
NRK_ADC_INPUT_6                                   ../../../src/platform/firefly2_2/source/ulib.o
NRK_ADC_INPUT_7                                   ../../../src/platform/firefly2_2/source/ulib.o
NRK_BUTTON                                        ../../../src/platform/firefly2_2/source/ulib.o
NRK_CCA                                           ../../../src/platform/firefly2_2/source/ulib.o
NRK_DEBUG_0                                       ../../../src/platform/firefly2_2/source/ulib.o
                                                  ../../../src/radio/cc2420/source/basic_rf.o
NRK_DEBUG_1                                       ../../../src/platform/firefly2_2/source/ulib.o
                                                  ../../../src/radio/cc2420/source/basic_rf.o
NRK_DEBUG_2                                       ../../../src/platform/firefly2_2/source/ulib.o
NRK_DEBUG_3                                       ../../../src/platform/firefly2_2/source/ulib.o
NRK_FIFOP                                         ../../../src/platform/firefly2_2/source/ulib.o
NRK_GPIO26                                        ../../../src/platform/firefly2_2/source/ulib.o
NRK_GPIO34                                        ../../../src/platform/firefly2_2/source/ulib.o
NRK_LED_0                                         ../../../src/platform/firefly2_2/source/ulib.o
NRK_LED_1                                         ../../../src/platform/firefly2_2/source/ulib.o
NRK_LED_2                                         ../../../src/platform/firefly2_2/source/ulib.o
NRK_LED_3                                         ../../../src/platform/firefly2_2/source/ulib.o
NRK_MISO                                          ../../../src/platform/firefly2_2/source/ulib.o
NRK_MMC_10                                        ../../../src/platform/firefly2_2/source/ulib.o
NRK_MMC_11                                        ../../../src/platform/firefly2_2/source/ulib.o
NRK_MMC_9                                         ../../../src/platform/firefly2_2/source/ulib.o
NRK_MOSI                                          ../../../src/platform/firefly2_2/source/ulib.o
NRK_SCK                                           ../../../src/platform/firefly2_2/source/ulib.o
NRK_SFD                                           ../../../src/platform/firefly2_2/source/ulib.o
NRK_SPI_SS                                        ../../../src/platform/firefly2_2/source/ulib.o
NRK_UART0_RXD                                     ../../../src/platform/firefly2_2/source/ulib.o
NRK_UART0_TXD                                     ../../../src/platform/firefly2_2/source/ulib.o
NRK_UART1_RXD                                     ../../../src/platform/firefly2_2/source/ulib.o
NRK_UART1_TXD                                     ../../../src/platform/firefly2_2/source/ulib.o
PORT_INIT                                         ../../../src/platform/firefly2_2/source/ulib.o
TX_TASK                                           bmac_client.o
__bad_interrupt                                   /usr/local/lib/gcc/avr/4.2.2/../../../../avr/lib/avr5/crtm1281.o
__brkval                                          /usr/local/lib/gcc/avr/4.2.2/../../../../avr/lib/avr5/libc.a(malloc.o)
__bss_end                                         /usr/local/lib/gcc/avr/4.2.2/avr5/libgcc.a(_clear_bss.o)
__bss_start                                       /usr/local/lib/gcc/avr/4.2.2/avr5/libgcc.a(_clear_bss.o)
__clz_tab                                         /usr/local/lib/gcc/avr/4.2.2/avr5/libgcc.a(_clz.o)
                                                  /usr/local/lib/gcc/avr/4.2.2/avr5/libgcc.a(_udivdi3.o)
__data_end                                        /usr/local/lib/gcc/avr/4.2.2/../../../../avr/lib/avr5/crtm1281.o
__data_load_start                                 /usr/local/lib/gcc/avr/4.2.2/../../../../avr/lib/avr5/crtm1281.o
__data_start                                      /usr/local/lib/gcc/avr/4.2.2/../../../../avr/lib/avr5/crtm1281.o
__divmodhi4                                       /usr/local/lib/gcc/avr/4.2.2/avr5/libgcc.a(_divmodhi4.o)
                                                  ../../../src/drivers/platform/firefly2_2/source/ff_basic_sensor.o
                                                  ../../../src/net/bmac/bmac.o
__divmodsi4                                       /usr/local/lib/gcc/avr/4.2.2/avr5/libgcc.a(_divmodsi4.o)
                                                  /usr/local/lib/gcc/avr/4.2.2/../../../../avr/lib/avr5/libc.a(rand.o)
__do_clear_bss                                    /usr/local/lib/gcc/avr/4.2.2/avr5/libgcc.a(_clear_bss.o)
                                                  /usr/local/lib/gcc/avr/4.2.2/../../../../avr/lib/avr5/libc.a(malloc.o)
                                                  /usr/local/lib/gcc/avr/4.2.2/../../../../avr/lib/avr5/libc.a(calloc.o)
                                                  /usr/local/lib/gcc/avr/4.2.2/../../../../avr/lib/avr5/libc.a(sprintf.o)
                                                  /usr/local/lib/gcc/avr/4.2.2/../../../../avr/lib/avr5/libc.a(printf.o)
                                                  /usr/local/lib/gcc/avr/4.2.2/../../../../avr/lib/avr5/libc.a(iob.o)
                                                  /usr/local/lib/gcc/avr/4.2.2/../../../../avr/lib/avr5/libc.a(fputc.o)
                                                  /usr/local/lib/gcc/avr/4.2.2/../../../../avr/lib/avr5/libc.a(fdevopen.o)
                                                  /usr/local/lib/gcc/avr/4.2.2/../../../../avr/lib/avr5/libc.a(rand.o)
                                                  /usr/local/lib/gcc/avr/4.2.2/avr5/libgcc.a(_clz.o)
                                                  /usr/local/lib/gcc/avr/4.2.2/avr5/libgcc.a(_udivdi3.o)
                                                  /usr/local/lib/gcc/avr/4.2.2/../../../../avr/lib/avr5/libprintf_min.a(vfprintf_min.o)
                                                  ../../../src/kernel/hal/atmega1281/nrk_cpu.o
                                                  ../../../src/kernel/hal/atmega1281/nrk_watchdog.o
                                                  ../../../src/kernel/hal/atmega1281/nrk_ext_int.o
                                                  ../../../src/kernel/hal/atmega1281/nrk_status.o
                                                  ../../../src/kernel/hal/atmega1281/nrk_timer.o
                                                  ../../../src/kernel/source/nrk_sw_wdt.o
                                                  ../../../src/kernel/source/nrk_reserve.o
                                                  ../../../src/kernel/source/nrk_driver.o
                                                  ../../../src/kernel/source/nrk_scheduler.o
                                                  ../../../src/kernel/source/nrk_idle_task.o
                                                  ../../../src/kernel/source/nrk_time.o
                                                  ../../../src/kernel/source/nrk_task.o
                                                  ../../../src/kernel/source/nrk_events.o
                                                  ../../../src/kernel/source/nrk_stack_check.o
                                                  ../../../src/kernel/source/nrk_error.o
                                                  ../../../src/kernel/source/nrk_stats.o
                                                  ../../../src/kernel/source/nrk.o
                                                  ../../../src/platform/firefly2_2/source/nrk_eeprom.o
                                                  ../../../src/platform/firefly2_2/source/hal_wait.o
                                                  ../../../src/platform/firefly2_2/source/ulib.o
                                                  ../../../src/radio/cc2420/source/basic_rf.o
                                                  ../../../src/radio/cc2420/source/hal_rf_wait_for_crystal_oscillator.o
                                                  ../../../src/radio/cc2420/source/hal_rf_set_channel.o
                                                  ../../../src/drivers/platform/firefly2_2/source/ff_basic_sensor.o
                                                  ../../../src/net/bmac/bmac.o
                                                  bmac_client.o
__do_copy_data                                    /usr/local/lib/gcc/avr/4.2.2/../../../../avr/lib/avr5/crtm1281.o
                                                  /usr/local/lib/gcc/avr/4.2.2/../../../../avr/lib/avr5/libc.a(malloc.o)
                                                  /usr/local/lib/gcc/avr/4.2.2/../../../../avr/lib/avr5/libc.a(calloc.o)
                                                  /usr/local/lib/gcc/avr/4.2.2/../../../../avr/lib/avr5/libc.a(sprintf.o)
                                                  /usr/local/lib/gcc/avr/4.2.2/../../../../avr/lib/avr5/libc.a(printf.o)
                                                  /usr/local/lib/gcc/avr/4.2.2/../../../../avr/lib/avr5/libc.a(iob.o)
                                                  /usr/local/lib/gcc/avr/4.2.2/../../../../avr/lib/avr5/libc.a(fputc.o)
                                                  /usr/local/lib/gcc/avr/4.2.2/../../../../avr/lib/avr5/libc.a(fdevopen.o)
                                                  /usr/local/lib/gcc/avr/4.2.2/../../../../avr/lib/avr5/libc.a(rand.o)
                                                  /usr/local/lib/gcc/avr/4.2.2/avr5/libgcc.a(_clz.o)
                                                  /usr/local/lib/gcc/avr/4.2.2/avr5/libgcc.a(_udivdi3.o)
                                                  /usr/local/lib/gcc/avr/4.2.2/../../../../avr/lib/avr5/libprintf_min.a(vfprintf_min.o)
                                                  ../../../src/kernel/hal/atmega1281/nrk_cpu.o
                                                  ../../../src/kernel/hal/atmega1281/nrk_watchdog.o
                                                  ../../../src/kernel/hal/atmega1281/nrk_ext_int.o
                                                  ../../../src/kernel/hal/atmega1281/nrk_status.o
                                                  ../../../src/kernel/hal/atmega1281/nrk_timer.o
                                                  ../../../src/kernel/source/nrk_sw_wdt.o
                                                  ../../../src/kernel/source/nrk_reserve.o
                                                  ../../../src/kernel/source/nrk_driver.o
                                                  ../../../src/kernel/source/nrk_scheduler.o
                                                  ../../../src/kernel/source/nrk_idle_task.o
                                                  ../../../src/kernel/source/nrk_time.o
                                                  ../../../src/kernel/source/nrk_task.o
                                                  ../../../src/kernel/source/nrk_events.o
                                                  ../../../src/kernel/source/nrk_stack_check.o
                                                  ../../../src/kernel/source/nrk_error.o
                                                  ../../../src/kernel/source/nrk_stats.o
                                                  ../../../src/kernel/source/nrk.o
                                                  ../../../src/platform/firefly2_2/source/nrk_eeprom.o
                                                  ../../../src/platform/firefly2_2/source/hal_wait.o
                                                  ../../../src/platform/firefly2_2/source/ulib.o
                                                  ../../../src/radio/cc2420/source/basic_rf.o
                                                  ../../../src/radio/cc2420/source/hal_rf_wait_for_crystal_oscillator.o
                                                  ../../../src/radio/cc2420/source/hal_rf_set_channel.o
                                                  ../../../src/drivers/platform/firefly2_2/source/ff_basic_sensor.o
                                                  ../../../src/net/bmac/bmac.o
                                                  bmac_client.o
__eeprom_read_byte_1F2021                         /usr/local/lib/gcc/avr/4.2.2/../../../../avr/lib/avr5/libc.a(ee_rb.1F2021.o)
                                                  ../../../src/platform/firefly2_2/source/nrk_eeprom.o
__eeprom_write_byte_1F2021                        /usr/local/lib/gcc/avr/4.2.2/../../../../avr/lib/avr5/libc.a(ee_wb.1F2021.o)
                                                  ../../../src/platform/firefly2_2/source/nrk_eeprom.o
__epilogue_restores__                             /usr/local/lib/gcc/avr/4.2.2/avr5/libgcc.a(_epilogue.o)
                                                  /usr/local/lib/gcc/avr/4.2.2/../../../../avr/lib/avr5/libc.a(sprintf.o)
                                                  /usr/local/lib/gcc/avr/4.2.2/../../../../avr/lib/avr5/libc.a(printf.o)
                                                  /usr/local/lib/gcc/avr/4.2.2/../../../../avr/lib/avr5/libc.a(fdevopen.o)
                                                  /usr/local/lib/gcc/avr/4.2.2/../../../../avr/lib/avr5/libc.a(rand.o)
                                                  /usr/local/lib/gcc/avr/4.2.2/avr5/libgcc.a(_udivdi3.o)
                                                  /usr/local/lib/gcc/avr/4.2.2/../../../../avr/lib/avr5/libprintf_min.a(vfprintf_min.o)
__flp                                             /usr/local/lib/gcc/avr/4.2.2/../../../../avr/lib/avr5/libc.a(malloc.o)
__heap_end                                        /usr/local/lib/gcc/avr/4.2.2/../../../../avr/lib/avr5/crtm1281.o
                                                  /usr/local/lib/gcc/avr/4.2.2/../../../../avr/lib/avr5/libc.a(malloc.o)
__heap_start                                      /usr/local/lib/gcc/avr/4.2.2/../../../../avr/lib/avr5/libc.a(malloc.o)
__init                                            /usr/local/lib/gcc/avr/4.2.2/../../../../avr/lib/avr5/crtm1281.o
__iob                                             /usr/local/lib/gcc/avr/4.2.2/../../../../avr/lib/avr5/libc.a(printf.o)
                                                  /usr/local/lib/gcc/avr/4.2.2/../../../../avr/lib/avr5/libc.a(iob.o)
                                                  /usr/local/lib/gcc/avr/4.2.2/../../../../avr/lib/avr5/libc.a(fdevopen.o)
                                                  ../../../src/kernel/source/nrk_error.o
                                                  ../../../src/platform/firefly2_2/source/ulib.o
__malloc_heap_end                                 /usr/local/lib/gcc/avr/4.2.2/../../../../avr/lib/avr5/libc.a(malloc.o)
__malloc_heap_start                               /usr/local/lib/gcc/avr/4.2.2/../../../../avr/lib/avr5/libc.a(malloc.o)
__malloc_margin                                   /usr/local/lib/gcc/avr/4.2.2/../../../../avr/lib/avr5/libc.a(malloc.o)
__mulsi3                                          /usr/local/lib/gcc/avr/4.2.2/avr5/libgcc.a(_mulsi3.o)
                                                  /usr/local/lib/gcc/avr/4.2.2/../../../../avr/lib/avr5/libc.a(rand.o)
                                                  /usr/local/lib/gcc/avr/4.2.2/avr5/libgcc.a(_udivdi3.o)
                                                  ../../../src/kernel/source/nrk_scheduler.o
                                                  ../../../src/kernel/source/nrk_time.o
__prologue_saves__                                /usr/local/lib/gcc/avr/4.2.2/avr5/libgcc.a(_prologue.o)
                                                  /usr/local/lib/gcc/avr/4.2.2/../../../../avr/lib/avr5/libc.a(sprintf.o)
                                                  /usr/local/lib/gcc/avr/4.2.2/../../../../avr/lib/avr5/libc.a(printf.o)
                                                  /usr/local/lib/gcc/avr/4.2.2/../../../../avr/lib/avr5/libc.a(rand.o)
                                                  /usr/local/lib/gcc/avr/4.2.2/avr5/libgcc.a(_udivdi3.o)
                                                  /usr/local/lib/gcc/avr/4.2.2/../../../../avr/lib/avr5/libprintf_min.a(vfprintf_min.o)
__stack                                           /usr/local/lib/gcc/avr/4.2.2/../../../../avr/lib/avr5/crtm1281.o
                                                  bmac_client.o
__udivdi3                                         /usr/local/lib/gcc/avr/4.2.2/avr5/libgcc.a(_udivdi3.o)
                                                  ../../../src/kernel/source/nrk_time.o
__udivmodhi4                                      /usr/local/lib/gcc/avr/4.2.2/avr5/libgcc.a(_udivmodhi4.o)
                                                  /usr/local/lib/gcc/avr/4.2.2/avr5/libgcc.a(_divmodhi4.o)
                                                  ../../../src/kernel/source/nrk_scheduler.o
                                                  ../../../src/net/bmac/bmac.o
__udivmodsi4                                      /usr/local/lib/gcc/avr/4.2.2/avr5/libgcc.a(_udivmodsi4.o)
                                                  /usr/local/lib/gcc/avr/4.2.2/avr5/libgcc.a(_divmodsi4.o)
                                                  /usr/local/lib/gcc/avr/4.2.2/avr5/libgcc.a(_udivdi3.o)
                                                  ../../../src/kernel/source/nrk_scheduler.o
                                                  ../../../src/kernel/source/nrk_time.o
__ultoa_invert                                    /usr/local/lib/gcc/avr/4.2.2/../../../../avr/lib/avr5/libc.a(ultoa_invert.o)
                                                  /usr/local/lib/gcc/avr/4.2.2/../../../../avr/lib/avr5/libprintf_min.a(vfprintf_min.o)
__vector_1                                        ../../../src/kernel/hal/atmega1281/nrk_ext_int.o
                                                  /usr/local/lib/gcc/avr/4.2.2/../../../../avr/lib/avr5/crtm1281.o
__vector_10                                       /usr/local/lib/gcc/avr/4.2.2/../../../../avr/lib/avr5/crtm1281.o
__vector_11                                       /usr/local/lib/gcc/avr/4.2.2/../../../../avr/lib/avr5/crtm1281.o
__vector_12                                       /usr/local/lib/gcc/avr/4.2.2/../../../../avr/lib/avr5/crtm1281.o
__vector_13                                       ../../../src/kernel/hal/atmega1281/nrk_timer.o
                                                  /usr/local/lib/gcc/avr/4.2.2/../../../../avr/lib/avr5/crtm1281.o
__vector_14                                       /usr/local/lib/gcc/avr/4.2.2/../../../../avr/lib/avr5/crtm1281.o
__vector_15                                       ../../../src/kernel/hal/atmega1281/nrk_timer.o
                                                  /usr/local/lib/gcc/avr/4.2.2/../../../../avr/lib/avr5/crtm1281.o
__vector_16                                       /usr/local/lib/gcc/avr/4.2.2/../../../../avr/lib/avr5/crtm1281.o
__vector_17                                       ../../../src/kernel/hal/atmega1281/nrk_timer.o
                                                  /usr/local/lib/gcc/avr/4.2.2/../../../../avr/lib/avr5/crtm1281.o
__vector_18                                       /usr/local/lib/gcc/avr/4.2.2/../../../../avr/lib/avr5/crtm1281.o
__vector_19                                       /usr/local/lib/gcc/avr/4.2.2/../../../../avr/lib/avr5/crtm1281.o
__vector_2                                        /usr/local/lib/gcc/avr/4.2.2/../../../../avr/lib/avr5/crtm1281.o
__vector_20                                       /usr/local/lib/gcc/avr/4.2.2/../../../../avr/lib/avr5/crtm1281.o
__vector_21                                       /usr/local/lib/gcc/avr/4.2.2/../../../../avr/lib/avr5/crtm1281.o
__vector_22                                       /usr/local/lib/gcc/avr/4.2.2/../../../../avr/lib/avr5/crtm1281.o
__vector_23                                       /usr/local/lib/gcc/avr/4.2.2/../../../../avr/lib/avr5/crtm1281.o
__vector_24                                       /usr/local/lib/gcc/avr/4.2.2/../../../../avr/lib/avr5/crtm1281.o
__vector_25                                       /usr/local/lib/gcc/avr/4.2.2/../../../../avr/lib/avr5/crtm1281.o
__vector_26                                       /usr/local/lib/gcc/avr/4.2.2/../../../../avr/lib/avr5/crtm1281.o
__vector_27                                       /usr/local/lib/gcc/avr/4.2.2/../../../../avr/lib/avr5/crtm1281.o
__vector_28                                       /usr/local/lib/gcc/avr/4.2.2/../../../../avr/lib/avr5/crtm1281.o
__vector_29                                       /usr/local/lib/gcc/avr/4.2.2/../../../../avr/lib/avr5/crtm1281.o
__vector_3                                        /usr/local/lib/gcc/avr/4.2.2/../../../../avr/lib/avr5/crtm1281.o
__vector_30                                       /usr/local/lib/gcc/avr/4.2.2/../../../../avr/lib/avr5/crtm1281.o
__vector_31                                       /usr/local/lib/gcc/avr/4.2.2/../../../../avr/lib/avr5/crtm1281.o
__vector_32                                       ../../../src/kernel/hal/atmega1281/nrk_timer.o
                                                  /usr/local/lib/gcc/avr/4.2.2/../../../../avr/lib/avr5/crtm1281.o
__vector_33                                       /usr/local/lib/gcc/avr/4.2.2/../../../../avr/lib/avr5/crtm1281.o
__vector_34                                       /usr/local/lib/gcc/avr/4.2.2/../../../../avr/lib/avr5/crtm1281.o
__vector_35                                       /usr/local/lib/gcc/avr/4.2.2/../../../../avr/lib/avr5/crtm1281.o
__vector_36                                       ../../../src/platform/firefly2_2/source/ulib.o
                                                  /usr/local/lib/gcc/avr/4.2.2/../../../../avr/lib/avr5/crtm1281.o
__vector_37                                       /usr/local/lib/gcc/avr/4.2.2/../../../../avr/lib/avr5/crtm1281.o
__vector_38                                       /usr/local/lib/gcc/avr/4.2.2/../../../../avr/lib/avr5/crtm1281.o
__vector_39                                       /usr/local/lib/gcc/avr/4.2.2/../../../../avr/lib/avr5/crtm1281.o
__vector_4                                        /usr/local/lib/gcc/avr/4.2.2/../../../../avr/lib/avr5/crtm1281.o
__vector_40                                       /usr/local/lib/gcc/avr/4.2.2/../../../../avr/lib/avr5/crtm1281.o
__vector_41                                       /usr/local/lib/gcc/avr/4.2.2/../../../../avr/lib/avr5/crtm1281.o
__vector_42                                       /usr/local/lib/gcc/avr/4.2.2/../../../../avr/lib/avr5/crtm1281.o
__vector_43                                       /usr/local/lib/gcc/avr/4.2.2/../../../../avr/lib/avr5/crtm1281.o
__vector_44                                       /usr/local/lib/gcc/avr/4.2.2/../../../../avr/lib/avr5/crtm1281.o
__vector_45                                       /usr/local/lib/gcc/avr/4.2.2/../../../../avr/lib/avr5/crtm1281.o
__vector_46                                       /usr/local/lib/gcc/avr/4.2.2/../../../../avr/lib/avr5/crtm1281.o
__vector_47                                       /usr/local/lib/gcc/avr/4.2.2/../../../../avr/lib/avr5/crtm1281.o
__vector_48                                       /usr/local/lib/gcc/avr/4.2.2/../../../../avr/lib/avr5/crtm1281.o
__vector_49                                       /usr/local/lib/gcc/avr/4.2.2/../../../../avr/lib/avr5/crtm1281.o
__vector_5                                        /usr/local/lib/gcc/avr/4.2.2/../../../../avr/lib/avr5/crtm1281.o
__vector_50                                       /usr/local/lib/gcc/avr/4.2.2/../../../../avr/lib/avr5/crtm1281.o
__vector_6                                        /usr/local/lib/gcc/avr/4.2.2/../../../../avr/lib/avr5/crtm1281.o
__vector_7                                        /usr/local/lib/gcc/avr/4.2.2/../../../../avr/lib/avr5/crtm1281.o
__vector_8                                        ../../../src/radio/cc2420/source/basic_rf.o
                                                  /usr/local/lib/gcc/avr/4.2.2/../../../../avr/lib/avr5/crtm1281.o
__vector_9                                        ../../../src/kernel/hal/atmega1281/nrk_ext_int.o
                                                  /usr/local/lib/gcc/avr/4.2.2/../../../../avr/lib/avr5/crtm1281.o
__vector_default                                  ../../../src/kernel/hal/atmega1281/nrk_timer.o
                                                  /usr/local/lib/gcc/avr/4.2.2/../../../../avr/lib/avr5/crtm1281.o
__vectors                                         /usr/local/lib/gcc/avr/4.2.2/../../../../avr/lib/avr5/crtm1281.o
_b_pow                                            ../../../src/net/bmac/bmac.o
_bmac_channel_check                               ../../../src/net/bmac/bmac.o
_bmac_rx                                          ../../../src/net/bmac/bmac.o
_bmac_tx                                          ../../../src/net/bmac/bmac.o
_div                                              /usr/local/lib/gcc/avr/4.2.2/avr5/libgcc.a(_divmodhi4.o)
_exit                                             /usr/local/lib/gcc/avr/4.2.2/avr5/libgcc.a(_exit.o)
_free_node                                        ../../../src/kernel/hal/atmega1281/nrk_cpu.o
                                                  ../../../src/kernel/source/nrk_scheduler.o
                                                  ../../../src/kernel/source/nrk_task.o
                                                  ../../../src/kernel/source/nrk_events.o
                                                  ../../../src/kernel/source/nrk_stats.o
                                                  ../../../src/kernel/source/nrk.o
_head_node                                        ../../../src/kernel/hal/atmega1281/nrk_cpu.o
                                                  ../../../src/kernel/source/nrk_scheduler.o
                                                  ../../../src/kernel/source/nrk_task.o
                                                  ../../../src/kernel/source/nrk_events.o
                                                  ../../../src/kernel/source/nrk_stats.o
                                                  ../../../src/kernel/source/nrk.o
_nrk_cpu_state                                    ../../../src/kernel/source/nrk_driver.o
                                                  ../../../src/kernel/source/nrk_scheduler.o
                                                  ../../../src/kernel/source/nrk_idle_task.o
                                                  ../../../src/kernel/source/nrk_task.o
                                                  ../../../src/kernel/source/nrk_events.o
                                                  ../../../src/kernel/source/nrk.o
_nrk_driver_count                                 ../../../src/kernel/source/nrk_driver.o
_nrk_errno_set                                    ../../../src/kernel/source/nrk_error.o
                                                  ../../../src/kernel/source/nrk_driver.o
                                                  ../../../src/kernel/source/nrk_events.o
                                                  ../../../src/radio/cc2420/source/basic_rf.o
                                                  ../../../src/drivers/platform/firefly2_2/source/ff_basic_sensor.o
_nrk_get_next_wakeup                              ../../../src/kernel/hal/atmega1281/nrk_timer.o
                                                  ../../../src/kernel/source/nrk_idle_task.o
                                                  ../../../src/kernel/source/nrk_task.o
_nrk_high_speed_timer_get                         ../../../src/kernel/hal/atmega1281/nrk_timer.o
                                                  ../../../src/kernel/source/nrk_scheduler.o
_nrk_high_speed_timer_reset                       ../../../src/kernel/hal/atmega1281/nrk_timer.o
                                                  ../../../src/kernel/source/nrk_scheduler.o
_nrk_high_speed_timer_start                       ../../../src/kernel/hal/atmega1281/nrk_timer.o
_nrk_high_speed_timer_stop                        ../../../src/kernel/hal/atmega1281/nrk_timer.o
_nrk_os_timer_get                                 ../../../src/kernel/hal/atmega1281/nrk_timer.o
                                                  ../../../src/kernel/source/nrk_scheduler.o
                                                  ../../../src/kernel/source/nrk_time.o
                                                  ../../../src/kernel/source/nrk_task.o
                                                  ../../../src/radio/cc2420/source/basic_rf.o
_nrk_os_timer_reset                               ../../../src/kernel/hal/atmega1281/nrk_timer.o
_nrk_os_timer_set                                 ../../../src/kernel/hal/atmega1281/nrk_timer.o
_nrk_os_timer_start                               ../../../src/kernel/hal/atmega1281/nrk_timer.o
_nrk_os_timer_stop                                ../../../src/kernel/hal/atmega1281/nrk_timer.o
_nrk_prev_timer_val                               ../../../src/kernel/hal/atmega1281/nrk_cpu.o
                                                  ../../../src/kernel/hal/atmega1281/nrk_timer.o
                                                  ../../../src/kernel/source/nrk_driver.o
                                                  ../../../src/kernel/source/nrk_scheduler.o
                                                  ../../../src/kernel/source/nrk_idle_task.o
                                                  ../../../src/kernel/source/nrk_time.o
                                                  ../../../src/kernel/source/nrk_task.o
                                                  ../../../src/kernel/source/nrk_events.o
                                                  ../../../src/kernel/source/nrk_error.o
                                                  ../../../src/radio/cc2420/source/basic_rf.o
                                                  ../../../src/drivers/platform/firefly2_2/source/ff_basic_sensor.o
                                                  ../../../src/net/bmac/bmac.o
_nrk_readyQ                                       ../../../src/kernel/hal/atmega1281/nrk_cpu.o
                                                  ../../../src/kernel/source/nrk_scheduler.o
                                                  ../../../src/kernel/source/nrk_events.o
                                                  ../../../src/kernel/source/nrk_stats.o
                                                  ../../../src/kernel/source/nrk.o
_nrk_resource_cnt                                 ../../../src/kernel/hal/atmega1281/nrk_cpu.o
                                                  ../../../src/kernel/source/nrk_scheduler.o
                                                  ../../../src/kernel/source/nrk_events.o
                                                  ../../../src/kernel/source/nrk_stats.o
                                                  ../../../src/kernel/source/nrk.o
_nrk_scheduler                                    ../../../src/kernel/source/nrk_scheduler.o
                                                  ../../../src/kernel/source/nrk.o
_nrk_set_next_wakeup                              ../../../src/kernel/hal/atmega1281/nrk_timer.o
                                                  ../../../src/kernel/source/nrk_scheduler.o
                                                  ../../../src/kernel/source/nrk_task.o
_nrk_setup_timer                                  ../../../src/kernel/hal/atmega1281/nrk_timer.o
                                                  ../../../src/kernel/hal/atmega1281/nrk_cpu.o
_nrk_signal_list                                  ../../../src/kernel/hal/atmega1281/nrk_cpu.o
                                                  ../../../src/kernel/hal/atmega1281/nrk_watchdog.o
                                                  ../../../src/kernel/hal/atmega1281/nrk_ext_int.o
                                                  ../../../src/kernel/hal/atmega1281/nrk_status.o
                                                  ../../../src/kernel/hal/atmega1281/nrk_timer.o
                                                  ../../../src/kernel/source/nrk_sw_wdt.o
                                                  ../../../src/kernel/source/nrk_driver.o
                                                  ../../../src/kernel/source/nrk_scheduler.o
                                                  ../../../src/kernel/source/nrk_idle_task.o
                                                  ../../../src/kernel/source/nrk_time.o
                                                  ../../../src/kernel/source/nrk_task.o
                                                  ../../../src/kernel/source/nrk_events.o
                                                  ../../../src/kernel/source/nrk_stack_check.o
                                                  ../../../src/kernel/source/nrk_error.o
                                                  ../../../src/kernel/source/nrk_stats.o
                                                  ../../../src/kernel/source/nrk.o
                                                  ../../../src/platform/firefly2_2/source/nrk_eeprom.o
                                                  ../../../src/platform/firefly2_2/source/hal_wait.o
                                                  ../../../src/platform/firefly2_2/source/ulib.o
                                                  ../../../src/radio/cc2420/source/basic_rf.o
                                                  ../../../src/radio/cc2420/source/hal_rf_wait_for_crystal_oscillator.o
                                                  ../../../src/radio/cc2420/source/hal_rf_set_channel.o
                                                  ../../../src/drivers/platform/firefly2_2/source/ff_basic_sensor.o
                                                  ../../../src/net/bmac/bmac.o
                                                  bmac_client.o
_nrk_startup_error                                ../../../src/kernel/hal/atmega1281/nrk_status.o